(이 파일은 pytest 테스트 결과 백업용입니다. 테스트 폴더에서 제외됨)
