============================= test session starts =============================
platform win32 -- Python 3.11.9, pytest-7.4.3, pluggy-1.6.0
rootdir: C:\Users\task2\OneDrive\문서\GitHub\2025-2\auto202506-a
configfile: pytest.ini
plugins: anyio-3.7.1, asyncio-0.23.8, cov-4.1.0, mock-3.12.0
asyncio: mode=Mode.STRICT
collected 368 items

cc-webapp\backend\tests\test_adult_content_router_final.py FFFFFFFFFFFFF [  3%]
FFF                                                                      [  4%]
cc-webapp\backend\tests\test_adult_content_router_fixed.py FFFFFFFFFFFFF [  7%]
FFFF                                                                     [  8%]
cc-webapp\backend\tests\test_adult_content_router_simple.py FFFFFFFFFFFF [ 12%]
                                                                         [ 12%]
cc-webapp\backend\tests\test_adult_content_service.py F....              [ 13%]
cc-webapp\backend\tests\test_age_verification_service.py .......         [ 15%]
cc-webapp\backend\tests\test_auth.py .F                                  [ 16%]
cc-webapp\backend\tests\test_auth_logging.py .                           [ 16%]
cc-webapp\backend\tests\test_emotion_feedback_service.py ............... [ 20%]
...F                                                                     [ 21%]
cc-webapp\backend\tests\test_gacha_router.py F                           [ 21%]
cc-webapp\backend\tests\test_gacha_service.py ..........s                [ 24%]
cc-webapp\backend\tests\test_game_repository.py ......                   [ 26%]
cc-webapp\backend\tests\test_game_service.py .....                       [ 27%]
cc-webapp\backend\tests\test_game_service_core.py .............          [ 31%]
cc-webapp\backend\tests\test_game_service_core_new.py .............      [ 34%]
cc-webapp\backend\tests\test_game_service_core_updated.py ............   [ 38%]
cc-webapp\backend\tests\test_game_service_extended.py .........          [ 40%]
cc-webapp\backend\tests\test_game_service_more_coverage.py .........     [ 42%]
cc-webapp\backend\tests\test_games_router.py FFFFFFFF                    [ 45%]
cc-webapp\backend\tests\test_ltv_service_enhanced.py ................    [ 49%]
cc-webapp\backend\tests\test_main.py ...........F                        [ 52%]
cc-webapp\backend\tests\test_notification.py FFFFF                       [ 54%]
cc-webapp\backend\tests\test_notification_service.py .....               [ 55%]
cc-webapp\backend\tests\test_personalization_service_enhanced.py ....... [ 57%]
...........                                                              [ 60%]
cc-webapp\backend\tests\test_recommendation_service_enhanced.py ........ [ 62%]
..                                                                       [ 63%]
cc-webapp\backend\tests\test_reward_service.py ...                       [ 63%]
cc-webapp\backend\tests\test_rfm_service_enhanced.py ................... [ 69%]
...                                                                      [ 69%]
cc-webapp\backend\tests\test_roulette_service.py ...........             [ 72%]
cc-webapp\backend\tests\test_rps_service_enhanced.py .................   [ 77%]
cc-webapp\backend\tests\test_slot_service.py ..........s                 [ 80%]
cc-webapp\backend\tests\test_token_service.py ..............             [ 84%]
cc-webapp\backend\tests\test_tracking_service.py ..                      [ 84%]
cc-webapp\backend\tests\test_user_segment_service.py .....               [ 86%]
cc-webapp\backend\tests\test_user_segments.py .....                      [ 87%]
cc-webapp\backend\tests\test_vip_content_service.py ............         [ 90%]
cc-webapp\backend\tests\routers\test_doc_titles.py ....                  [ 91%]
cc-webapp\backend\tests\services\test_cj_ai_service.py .........         [ 94%]
cc-webapp\backend\tests\unit\test_llm_fallback.py .                      [ 94%]
cc-webapp\backend\tests\unit\test_quick_health.py .........              [ 97%]
cc-webapp\backend\tests\utils\test_reward_utils.py ...........           [100%]

================================== FAILURES ===================================
_________________ TestHealthCheck.test_health_check_flexible __________________

self = <tests.test_adult_content_router_final.TestHealthCheck object at 0x000001EA302590D0>

    def test_health_check_flexible(self):
        """헬스체크 - 유연한 응답 허용"""
>       app = FastAPI()
E       NameError: name 'FastAPI' is not defined

cc-webapp\backend\tests\test_adult_content_router_final.py:56: NameError
________ TestBasicEndpoints.test_gallery_endpoint_with_error_handling _________

self = <tests.test_adult_content_router_final.TestBasicEndpoints object at 0x000001EA30627710>
client = <starlette.testclient.TestClient object at 0x000001EA3185DC50>
mock_services = {'adult_content_service': <Mock id='2105364832144'>, 'age_verification_service': <Mock id='2105344201296'>, 'flash_service': <Mock id='2105364831760'>, 'token_service': <Mock id='2105364832080'>, ...}

    def test_gallery_endpoint_with_error_handling(self, client, mock_services):
        """갤러리 엔드포인트 - 에러 처리 확인"""
        mock_services['adult_content_service'].get_gallery_for_user.side_effect = ValueError("Test error")
    
        response = client.get("/v1/adult/gallery",
                            headers={"Authorization": "Bearer test_token"})
        # ValueError는 400으로 처리되어야 함
>       assert response.status_code == 400
E       assert 404 == 400
E        +  where 404 = <Response [404 Not Found]>.status_code

cc-webapp\backend\tests\test_adult_content_router_final.py:75: AssertionError
-------------------------- Captured stdout teardown ---------------------------
FastAPI shutdown event: Shutting down scheduler...
______________ TestBasicEndpoints.test_gallery_endpoint_flexible ______________

self = <tests.test_adult_content_router_final.TestBasicEndpoints object at 0x000001EA30627E50>
client = <starlette.testclient.TestClient object at 0x000001EA3197C2D0>
mock_services = {'adult_content_service': <Mock id='2105366017040'>, 'age_verification_service': <Mock id='2105366004496'>, 'flash_service': <Mock id='2105366007248'>, 'token_service': <Mock id='2105366017168'>, ...}

    def test_gallery_endpoint_flexible(self, client, mock_services):
        """갤러리 엔드포인트 - 유연한 응답 허용"""
        mock_services['adult_content_service'].get_gallery_for_user.return_value = []
    
        response = client.get("/v1/adult/gallery",
                            headers={"Authorization": "Bearer test_token"})
        # 성공하거나 적절한 오류 응답
>       assert response.status_code in [200, 400, 500]
E       assert 404 in [200, 400, 500]
E        +  where 404 = <Response [404 Not Found]>.status_code

cc-webapp\backend\tests\test_adult_content_router_final.py:84: AssertionError
-------------------------- Captured stdout teardown ---------------------------
FastAPI shutdown event: Shutting down scheduler...
_____________________ TestVIPEndpoints.test_get_vip_info ______________________

self = <tests.test_adult_content_router_final.TestVIPEndpoints object at 0x000001EA30634410>
client = <starlette.testclient.TestClient object at 0x000001EA3193EE50>

    def test_get_vip_info(self, client):
        """VIP 정보 조회 테스트"""
        response = client.get("/v1/adult/vip/info",
                            headers={"Authorization": "Bearer test_token"})
>       assert response.status_code == 200
E       assert 404 == 200
E        +  where 404 = <Response [404 Not Found]>.status_code

cc-webapp\backend\tests\test_adult_content_router_final.py:94: AssertionError
-------------------------- Captured stdout teardown ---------------------------
FastAPI shutdown event: Shutting down scheduler...
________________ TestFlashOffers.test_get_active_flash_offers _________________

self = <tests.test_adult_content_router_final.TestFlashOffers object at 0x000001EA30634A50>
client = <starlette.testclient.TestClient object at 0x000001EA3185CAD0>

    def test_get_active_flash_offers(self, client):
        """활성 플래시 오퍼 조회 테스트"""
        response = client.get("/v1/adult/flash-offers/active",
                            headers={"Authorization": "Bearer test_token"})
>       assert response.status_code == 200
E       assert 404 == 200
E        +  where 404 = <Response [404 Not Found]>.status_code

cc-webapp\backend\tests\test_adult_content_router_final.py:106: AssertionError
-------------------------- Captured stdout teardown ---------------------------
FastAPI shutdown event: Shutting down scheduler...
__________________ TestFlashOffers.test_purchase_flash_offer __________________

self = <tests.test_adult_content_router_final.TestFlashOffers object at 0x000001EA30634E10>
client = <starlette.testclient.TestClient object at 0x000001EA319DA810>

    def test_purchase_flash_offer(self, client):
        """플래시 오퍼 구매 테스트"""
        offer_data = {"offer_id": "flash_001", "tokens_to_spend": 200}
        response = client.post("/v1/adult/flash-offers/purchase",
                             json=offer_data,
                             headers={"Authorization": "Bearer test_token"})
>       assert response.status_code == 200
E       assert 404 == 200
E        +  where 404 = <Response [404 Not Found]>.status_code

cc-webapp\backend\tests\test_adult_content_router_final.py:116: AssertionError
-------------------------- Captured stdout teardown ---------------------------
FastAPI shutdown event: Shutting down scheduler...
_________________ TestContentUnlock.test_unlock_content_basic _________________

self = <tests.test_adult_content_router_final.TestContentUnlock object at 0x000001EA30635310>
client = <starlette.testclient.TestClient object at 0x000001EA319D9650>
mock_services = {'adult_content_service': <Mock id='2105366386704'>, 'age_verification_service': <Mock id='2105366388880'>, 'flash_service': <Mock id='2105366389968'>, 'token_service': <Mock id='2105364506192'>, ...}

    def test_unlock_content_basic(self, client, mock_services):
        """기본 콘텐츠 언락 테스트"""
        # Mock user service
        mock_user = Mock()
        mock_user.id = 123
        mock_services['user_service'].get_user_or_error.return_value = mock_user
    
        # 언락 요청
        unlock_data = {"stage": 2, "tokens_to_spend": 100}
        response = client.post("/v1/adult/content/unlock",
                             json=unlock_data,
                             headers={"Authorization": "Bearer test_token"})
    
>       assert response.status_code == 200
E       assert 404 == 200
E        +  where 404 = <Response [404 Not Found]>.status_code

cc-webapp\backend\tests\test_adult_content_router_final.py:137: AssertionError
-------------------------- Captured stdout teardown ---------------------------
FastAPI shutdown event: Shutting down scheduler...
________________ TestAuthentication.test_auth_required_gallery ________________

self = <tests.test_adult_content_router_final.TestAuthentication object at 0x000001EA30635B50>
client = <starlette.testclient.TestClient object at 0x000001EA319E37D0>

    def test_auth_required_gallery(self, client):
        """갤러리는 인증이 필요함"""
        response = client.get("/v1/adult/gallery")
        # 인증 없이 접근 시 오류
>       assert response.status_code in [400, 401, 422]
E       assert 404 in [400, 401, 422]
E        +  where 404 = <Response [404 Not Found]>.status_code

cc-webapp\backend\tests\test_adult_content_router_final.py:149: AssertionError
-------------------------- Captured stdout teardown ---------------------------
FastAPI shutdown event: Shutting down scheduler...
_____________ TestAuthentication.test_auth_required_vip_flexible ______________

self = <tests.test_adult_content_router_final.TestAuthentication object at 0x000001EA30636290>
client = <starlette.testclient.TestClient object at 0x000001EA3198F1D0>

    def test_auth_required_vip_flexible(self, client):
        """VIP 정보 - 유연한 인증 검사"""
        response = client.get("/v1/adult/vip/info")
        # VIP 서비스가 None을 반환하므로 200이 될 수 있음
>       assert response.status_code in [200, 400, 401, 422]
E       assert 404 in [200, 400, 401, 422]
E        +  where 404 = <Response [404 Not Found]>.status_code

cc-webapp\backend\tests\test_adult_content_router_final.py:155: AssertionError
-------------------------- Captured stdout teardown ---------------------------
FastAPI shutdown event: Shutting down scheduler...
_________________ TestErrorHandling.test_service_error_to_400 _________________

self = <tests.test_adult_content_router_final.TestErrorHandling object at 0x000001EA30636D50>
client = <starlette.testclient.TestClient object at 0x000001EA319E6C90>
mock_services = {'adult_content_service': <Mock id='2105365070608'>, 'age_verification_service': <Mock id='2105344960272'>, 'flash_service': <Mock id='2105366438096'>, 'token_service': <Mock id='2105365071120'>, ...}

    def test_service_error_to_400(self, client, mock_services):
        """서비스 ValueError는 400으로 변환되어야 함"""
        mock_services['adult_content_service'].get_gallery_for_user.side_effect = ValueError("Service error")
    
        response = client.get("/v1/adult/gallery",
                            headers={"Authorization": "Bearer test_token"})
>       assert response.status_code == 400
E       assert 404 == 400
E        +  where 404 = <Response [404 Not Found]>.status_code

cc-webapp\backend\tests\test_adult_content_router_final.py:167: AssertionError
-------------------------- Captured stdout teardown ---------------------------
FastAPI shutdown event: Shutting down scheduler...
_______________ TestErrorHandling.test_general_exception_to_500 _______________

self = <tests.test_adult_content_router_final.TestErrorHandling object at 0x000001EA30637490>
client = <starlette.testclient.TestClient object at 0x000001EA319E5890>
mock_services = {'adult_content_service': <Mock id='2105366437520'>, 'age_verification_service': <Mock id='2105366436304'>, 'flash_service': <Mock id='2105366436496'>, 'token_service': <Mock id='2105344470928'>, ...}

    def test_general_exception_to_500(self, client, mock_services):
        """일반 예외는 500으로 변환되어야 함"""
        mock_services['adult_content_service'].get_gallery_for_user.side_effect = Exception("General error")
    
        response = client.get("/v1/adult/gallery",
                            headers={"Authorization": "Bearer test_token"})
>       assert response.status_code == 500
E       assert 404 == 500
E        +  where 404 = <Response [404 Not Found]>.status_code

cc-webapp\backend\tests\test_adult_content_router_final.py:175: AssertionError
-------------------------- Captured stdout teardown ---------------------------
FastAPI shutdown event: Shutting down scheduler...
_______________ TestWorkingEndpoints.test_flash_offers_workflow _______________

self = <tests.test_adult_content_router_final.TestWorkingEndpoints object at 0x000001EA30637F10>
client = <starlette.testclient.TestClient object at 0x000001EA319E7410>

    def test_flash_offers_workflow(self, client):
        """플래시 오퍼 워크플로우"""
        # 1. 활성 오퍼 조회
        offers_response = client.get("/v1/adult/flash-offers/active",
                                   headers={"Authorization": "Bearer test_token"})
>       assert offers_response.status_code == 200
E       assert 404 == 200
E        +  where 404 = <Response [404 Not Found]>.status_code

cc-webapp\backend\tests\test_adult_content_router_final.py:186: AssertionError
-------------------------- Captured stdout teardown ---------------------------
FastAPI shutdown event: Shutting down scheduler...
__________________ TestWorkingEndpoints.test_unlock_workflow __________________

self = <tests.test_adult_content_router_final.TestWorkingEndpoints object at 0x000001EA3063C690>
client = <starlette.testclient.TestClient object at 0x000001EA319AA750>
mock_services = {'adult_content_service': <Mock id='2105365754576'>, 'age_verification_service': <Mock id='2105366189712'>, 'flash_service': <Mock id='2105366191248'>, 'token_service': <Mock id='2105365750096'>, ...}

    def test_unlock_workflow(self, client, mock_services):
        """언락 워크플로우"""
        # Mock setup
        mock_user = Mock()
        mock_user.id = 123
        mock_services['user_service'].get_user_or_error.return_value = mock_user
    
        # 언락 테스트
        unlock_data = {"stage": 1, "tokens_to_spend": 50}
        response = client.post("/v1/adult/content/unlock",
                             json=unlock_data,
                             headers={"Authorization": "Bearer test_token"})
    
>       assert response.status_code == 200
E       assert 404 == 200
E        +  where 404 = <Response [404 Not Found]>.status_code

cc-webapp\backend\tests\test_adult_content_router_final.py:208: AssertionError
-------------------------- Captured stdout teardown ---------------------------
FastAPI shutdown event: Shutting down scheduler...
_____________________ TestMinimalSet.test_vip_info_works ______________________

self = <tests.test_adult_content_router_final.TestMinimalSet object at 0x000001EA3063D090>
client = <starlette.testclient.TestClient object at 0x000001EA319CE690>

    def test_vip_info_works(self, client):
        """VIP 정보는 확실히 작동함"""
        response = client.get("/v1/adult/vip/info",
                            headers={"Authorization": "Bearer test_token"})
>       assert response.status_code == 200
E       assert 404 == 200
E        +  where 404 = <Response [404 Not Found]>.status_code

cc-webapp\backend\tests\test_adult_content_router_final.py:221: AssertionError
-------------------------- Captured stdout teardown ---------------------------
FastAPI shutdown event: Shutting down scheduler...
____________________ TestMinimalSet.test_flash_offers_work ____________________

self = <tests.test_adult_content_router_final.TestMinimalSet object at 0x000001EA3063D7D0>
client = <starlette.testclient.TestClient object at 0x000001EA31993250>

    def test_flash_offers_work(self, client):
        """플래시 오퍼는 확실히 작동함"""
        response = client.get("/v1/adult/flash-offers/active",
                            headers={"Authorization": "Bearer test_token"})
>       assert response.status_code == 200
E       assert 404 == 200
E        +  where 404 = <Response [404 Not Found]>.status_code

cc-webapp\backend\tests\test_adult_content_router_final.py:227: AssertionError
-------------------------- Captured stdout teardown ---------------------------
FastAPI shutdown event: Shutting down scheduler...
__________________ TestMinimalSet.test_content_unlock_works ___________________

self = <tests.test_adult_content_router_final.TestMinimalSet object at 0x000001EA3063DF10>
client = <starlette.testclient.TestClient object at 0x000001EA319D64D0>
mock_services = {'adult_content_service': <Mock id='2105366367952'>, 'age_verification_service': <Mock id='2105366344144'>, 'flash_service': <Mock id='2105366341200'>, 'token_service': <Mock id='2105366371664'>, ...}

    def test_content_unlock_works(self, client, mock_services):
        """콘텐츠 언락은 확실히 작동함"""
        mock_user = Mock()
        mock_user.id = 123
        mock_services['user_service'].get_user_or_error.return_value = mock_user
    
        unlock_data = {"stage": 2}
        response = client.post("/v1/adult/content/unlock",
                             json=unlock_data,
                             headers={"Authorization": "Bearer test_token"})
>       assert response.status_code == 200
E       assert 404 == 200
E        +  where 404 = <Response [404 Not Found]>.status_code

cc-webapp\backend\tests\test_adult_content_router_final.py:239: AssertionError
-------------------------- Captured stdout teardown ---------------------------
FastAPI shutdown event: Shutting down scheduler...
____________________ TestBasicEndpoints.test_health_check _____________________

self = <tests.test_adult_content_router_fixed.TestBasicEndpoints object at 0x000001EA3063EFD0>
client = <starlette.testclient.TestClient object at 0x000001EA319D89D0>

    def test_health_check(self, client):
        """헬스체크 엔드포인트 테스트"""
        response = client.get("/v1/adult/health")
>       assert response.status_code == 200
E       assert 404 == 200
E        +  where 404 = <Response [404 Not Found]>.status_code

cc-webapp\backend\tests\test_adult_content_router_fixed.py:42: AssertionError
-------------------------- Captured stdout teardown ---------------------------
FastAPI shutdown event: Shutting down scheduler...
__________________ TestBasicEndpoints.test_gallery_endpoint ___________________

self = <tests.test_adult_content_router_fixed.TestBasicEndpoints object at 0x000001EA3063F390>
client = <starlette.testclient.TestClient object at 0x000001EA31A0CFD0>
mock_services = {'adult_content_service': <Mock id='2105366605776'>, 'age_verification_service': <Mock id='2105343018704'>, 'flash_service': <Mock id='2105366594384'>, 'token_service': <Mock id='2105366607888'>, ...}

    def test_gallery_endpoint(self, client, mock_services):
        """갤러리 엔드포인트 테스트"""
        # Mock 설정
        mock_services['adult_content_service'].get_gallery_for_user.return_value = [
            {"id": 1, "title": "Test Content"}
        ]
        response = client.get("/v1/adult/gallery",
                            headers={"Authorization": "Bearer test_token"})
>       assert response.status_code == 200
E       assert 404 == 200
E        +  where 404 = <Response [404 Not Found]>.status_code

cc-webapp\backend\tests\test_adult_content_router_fixed.py:55: AssertionError
-------------------------- Captured stdout teardown ---------------------------
FastAPI shutdown event: Shutting down scheduler...
______________ TestBasicEndpoints.test_content_details_endpoint _______________

self = <tests.test_adult_content_router_fixed.TestBasicEndpoints object at 0x000001EA3063F750>
client = <starlette.testclient.TestClient object at 0x000001EA31A0E250>
mock_services = {'adult_content_service': <Mock id='2105366607184'>, 'age_verification_service': <Mock id='2105366411664'>, 'flash_service': <Mock id='2105364717072'>, 'token_service': <Mock id='2105366600656'>, ...}

    def test_content_details_endpoint(self, client, mock_services):
        """콘텐츠 상세 정보 엔드포인트 테스트"""
        # Mock async method with all required fields
        async def mock_get_content_details(user_id, content_id):
            return {
                "id": content_id,
                "title": "Test Content",
                "description": "Test Description",
                "content_url": "https://example.com/content",
                "type": "premium",
                "unlock_level": 1,
                "prerequisites": [],
                "stages": [],
                "user_current_access_level": 1
            }
    
        mock_services['adult_content_service'].get_content_details = mock_get_content_details
    
        response = client.get("/v1/adult/1",
                            headers={"Authorization": "Bearer test_token"})
>       assert response.status_code == 200
E       assert 404 == 200
E        +  where 404 = <Response [404 Not Found]>.status_code

cc-webapp\backend\tests\test_adult_content_router_fixed.py:79: AssertionError
-------------------------- Captured stdout teardown ---------------------------
FastAPI shutdown event: Shutting down scheduler...
_______________ TestContentPreview.test_content_preview_success _______________

self = <tests.test_adult_content_router_fixed.TestContentPreview object at 0x000001EA3063FE50>
client = <starlette.testclient.TestClient object at 0x000001EA31A0D8D0>
mock_services = {'adult_content_service': <Mock id='2105366404432'>, 'age_verification_service': <Mock id='2105366602128'>, 'flash_service': <Mock id='2105366078864'>, 'token_service': <Mock id='2105366412752'>, ...}

    def test_content_preview_success(self, client, mock_services):
        """콘텐츠 미리보기 성공 테스트"""
        # Mock async method
        async def mock_get_content_preview(user_id, content_id):
            return ContentPreviewResponse(
                id=content_id,
                title="Test Content",
                preview_data={"thumbnail": "https://example.com/thumb.jpg"},
                unlock_requirements={"min_level": 1, "tokens": 100},
                preview_url="https://example.com/preview.jpg",
                current_stage_accessed=1
            )
    
        mock_services['adult_content_service'].get_content_preview = mock_get_content_preview
    
        response = client.get("/v1/adult/1/preview",
                            headers={"Authorization": "Bearer test_token"})
>       assert response.status_code == 200
E       assert 404 == 200
E        +  where 404 = <Response [404 Not Found]>.status_code

cc-webapp\backend\tests\test_adult_content_router_fixed.py:102: AssertionError
-------------------------- Captured stdout teardown ---------------------------
FastAPI shutdown event: Shutting down scheduler...
______________ TestContentPreview.test_gallery_preview_endpoint _______________

self = <tests.test_adult_content_router_fixed.TestContentPreview object at 0x000001EA3064C5D0>
client = <starlette.testclient.TestClient object at 0x000001EA31A0FF90>
mock_services = {'adult_content_service': <Mock id='2105366083344'>, 'age_verification_service': <Mock id='2105364424848'>, 'flash_service': <Mock id='2105366761616'>, 'token_service': <Mock id='2105366762896'>, ...}

    def test_gallery_preview_endpoint(self, client, mock_services):
        """갤러리 미리보기 엔드포인트 테스트"""
        mock_services['adult_content_service'].get_gallery_for_user.return_value = []
    
        response = client.get("/v1/adult/content/preview",
                            headers={"Authorization": "Bearer test_token"})
>       assert response.status_code == 200
E       assert 404 == 200
E        +  where 404 = <Response [404 Not Found]>.status_code

cc-webapp\backend\tests\test_adult_content_router_fixed.py:113: AssertionError
-------------------------- Captured stdout teardown ---------------------------
FastAPI shutdown event: Shutting down scheduler...
________________ TestContentUnlock.test_unlock_content_success ________________

self = <tests.test_adult_content_router_fixed.TestContentUnlock object at 0x000001EA3064D050>
client = <starlette.testclient.TestClient object at 0x000001EA31A36CD0>
mock_services = {'adult_content_service': <Mock id='2105366765008'>, 'age_verification_service': <Mock id='2105345800080'>, 'flash_service': <Mock id='2105366762768'>, 'token_service': <Mock id='2105366396304'>, ...}

    def test_unlock_content_success(self, client, mock_services):
        """콘텐츠 언락 성공 테스트"""
        # Mock user service
        mock_user = Mock()
        mock_user.id = 123
        mock_services['user_service'].get_user_or_error.return_value = mock_user
    
        # 언락 요청
        unlock_data = {"stage": 2, "tokens_to_spend": 100}
        response = client.post("/v1/adult/content/unlock",
                             json=unlock_data,
                             headers={"Authorization": "Bearer test_token"})
    
>       assert response.status_code == 200
E       assert 404 == 200
E        +  where 404 = <Response [404 Not Found]>.status_code

cc-webapp\backend\tests\test_adult_content_router_fixed.py:132: AssertionError
-------------------------- Captured stdout teardown ---------------------------
FastAPI shutdown event: Shutting down scheduler...
_____________ TestContentUnlock.test_unlock_content_invalid_data ______________

self = <tests.test_adult_content_router_fixed.TestContentUnlock object at 0x000001EA3064D790>
client = <starlette.testclient.TestClient object at 0x000001EA31A34150>

    def test_unlock_content_invalid_data(self, client):
        """잘못된 데이터로 언락 시도 테스트"""
        response = client.post("/v1/adult/content/unlock",
                             json={"invalid": "data"},
                             headers={"Authorization": "Bearer test_token"})
        # 서비스에서 적절히 처리되어야 함
>       assert response.status_code in [200, 400, 422]
E       assert 404 in [200, 400, 422]
E        +  where 404 = <Response [404 Not Found]>.status_code

cc-webapp\backend\tests\test_adult_content_router_fixed.py:143: AssertionError
-------------------------- Captured stdout teardown ---------------------------
FastAPI shutdown event: Shutting down scheduler...
______________ TestUnlockHistory.test_get_unlock_history_success ______________

self = <tests.test_adult_content_router_fixed.TestUnlockHistory object at 0x000001EA3064E210>
client = <starlette.testclient.TestClient object at 0x000001EA319CFF50>
mock_services = {'adult_content_service': <Mock id='2105366093648'>, 'age_verification_service': <Mock id='2105366753744'>, 'flash_service': <Mock id='2105366767824'>, 'token_service': <Mock id='2105366746512'>, ...}

    def test_get_unlock_history_success(self, client, mock_services):
        """언락 히스토리 조회 성공 테스트"""
        mock_services['adult_content_service'].get_user_unlock_history.return_value = [
            {"stage": 1, "unlocked_at": "2025-06-18T10:00:00Z", "tokens_spent": 50}
        ]
    
        response = client.get("/v1/adult/unlock/history",
                            headers={"Authorization": "Bearer test_token"})
>       assert response.status_code == 200
E       assert 404 == 200
E        +  where 404 = <Response [404 Not Found]>.status_code

cc-webapp\backend\tests\test_adult_content_router_fixed.py:157: AssertionError
-------------------------- Captured stdout teardown ---------------------------
FastAPI shutdown event: Shutting down scheduler...
_______________ TestUnlockHistory.test_get_unlock_history_empty _______________

self = <tests.test_adult_content_router_fixed.TestUnlockHistory object at 0x000001EA3064E950>
client = <starlette.testclient.TestClient object at 0x000001EA319E3210>
mock_services = {'adult_content_service': <Mock id='2105366785360'>, 'age_verification_service': <Mock id='2105366787664'>, 'flash_service': <Mock id='2105366779536'>, 'token_service': <Mock id='2105366779728'>, ...}

    def test_get_unlock_history_empty(self, client, mock_services):
        """빈 언락 히스토리 테스트"""
        mock_services['adult_content_service'].get_user_unlock_history.return_value = []
    
        response = client.get("/v1/adult/unlock/history",
                            headers={"Authorization": "Bearer test_token"})
>       assert response.status_code == 200
E       assert 404 == 200
E        +  where 404 = <Response [404 Not Found]>.status_code

cc-webapp\backend\tests\test_adult_content_router_fixed.py:167: AssertionError
-------------------------- Captured stdout teardown ---------------------------
FastAPI shutdown event: Shutting down scheduler...
_________________ TestVIPEndpoints.test_get_vip_info_success __________________

self = <tests.test_adult_content_router_fixed.TestVIPEndpoints object at 0x000001EA3064F2D0>
client = <starlette.testclient.TestClient object at 0x000001EA319C84D0>

    def test_get_vip_info_success(self, client):
        """VIP 정보 조회 성공 테스트"""
        response = client.get("/v1/adult/vip/info",
                            headers={"Authorization": "Bearer test_token"})
>       assert response.status_code == 200
E       assert 404 == 200
E        +  where 404 = <Response [404 Not Found]>.status_code

cc-webapp\backend\tests\test_adult_content_router_fixed.py:177: AssertionError
-------------------------- Captured stdout teardown ---------------------------
FastAPI shutdown event: Shutting down scheduler...
________________ TestFlashOffers.test_get_active_flash_offers _________________

self = <tests.test_adult_content_router_fixed.TestFlashOffers object at 0x000001EA3064FD90>
client = <starlette.testclient.TestClient object at 0x000001EA319C9110>

    def test_get_active_flash_offers(self, client):
        """활성 플래시 오퍼 조회 테스트"""
        response = client.get("/v1/adult/flash-offers/active",
                            headers={"Authorization": "Bearer test_token"})
>       assert response.status_code == 200
E       assert 404 == 200
E        +  where 404 = <Response [404 Not Found]>.status_code

cc-webapp\backend\tests\test_adult_content_router_fixed.py:189: AssertionError
-------------------------- Captured stdout teardown ---------------------------
FastAPI shutdown event: Shutting down scheduler...
__________________ TestFlashOffers.test_purchase_flash_offer __________________

self = <tests.test_adult_content_router_fixed.TestFlashOffers object at 0x000001EA3162C510>
client = <starlette.testclient.TestClient object at 0x000001EA319C8390>

    def test_purchase_flash_offer(self, client):
        """플래시 오퍼 구매 테스트"""
        offer_data = {"offer_id": "flash_001", "tokens_to_spend": 200}
        response = client.post("/v1/adult/flash-offers/purchase",
                             json=offer_data,
                             headers={"Authorization": "Bearer test_token"})
>       assert response.status_code == 200
E       assert 404 == 200
E        +  where 404 = <Response [404 Not Found]>.status_code

cc-webapp\backend\tests\test_adult_content_router_fixed.py:199: AssertionError
-------------------------- Captured stdout teardown ---------------------------
FastAPI shutdown event: Shutting down scheduler...
________________ TestErrorHandling.test_service_error_handling ________________

self = <tests.test_adult_content_router_fixed.TestErrorHandling object at 0x000001EA3162CFD0>
client = <starlette.testclient.TestClient object at 0x000001EA31A04410>
mock_services = {'adult_content_service': <Mock id='2105366098384'>, 'age_verification_service': <Mock id='2105366406096'>, 'flash_service': <Mock id='2105366575120'>, 'token_service': <Mock id='2105366099408'>, ...}

    def test_service_error_handling(self, client, mock_services):
        """서비스 오류 처리 테스트"""
        mock_services['adult_content_service'].get_gallery_for_user.side_effect = ValueError("Test error")
    
        response = client.get("/v1/adult/gallery",
                            headers={"Authorization": "Bearer test_token"})
>       assert response.status_code == 400  # ValueError는 400으로 처리
E       assert 404 == 400
E        +  where 404 = <Response [404 Not Found]>.status_code

cc-webapp\backend\tests\test_adult_content_router_fixed.py:213: AssertionError
-------------------------- Captured stdout teardown ---------------------------
FastAPI shutdown event: Shutting down scheduler...
_________________ TestErrorHandling.test_unauthorized_access __________________

self = <tests.test_adult_content_router_fixed.TestErrorHandling object at 0x000001EA3064D350>
client = <starlette.testclient.TestClient object at 0x000001EA319EAED0>

    def test_unauthorized_access(self, client):
        """인증되지 않은 접근 테스트"""
        response = client.get("/v1/adult/gallery")
>       assert response.status_code == 422  # FastAPI validation error
E       assert 404 == 422
E        +  where 404 = <Response [404 Not Found]>.status_code

cc-webapp\backend\tests\test_adult_content_router_fixed.py:218: AssertionError
-------------------------- Captured stdout teardown ---------------------------
FastAPI shutdown event: Shutting down scheduler...
_______________ TestAuthentication.test_auth_required_endpoints _______________

self = <tests.test_adult_content_router_fixed.TestAuthentication object at 0x000001EA3063F2D0>
client = <starlette.testclient.TestClient object at 0x000001EA31991F50>

    def test_auth_required_endpoints(self, client):
        """인증이 필요한 엔드포인트 테스트"""
        protected_endpoints = [
            "/v1/adult/gallery",
            "/v1/adult/content/preview",
            "/v1/adult/vip/info",
            "/v1/adult/unlock/history"
        ]
    
        for endpoint in protected_endpoints:
            response = client.get(endpoint)
            # 인증 없이 접근 시 422 (validation error) 또는 401
>           assert response.status_code in [401, 422]
E           assert 404 in [401, 422]
E            +  where 404 = <Response [404 Not Found]>.status_code

cc-webapp\backend\tests\test_adult_content_router_fixed.py:236: AssertionError
-------------------------- Captured stdout teardown ---------------------------
FastAPI shutdown event: Shutting down scheduler...
_________________ TestAuthentication.test_valid_token_access __________________

self = <tests.test_adult_content_router_fixed.TestAuthentication object at 0x000001EA3162CE50>
client = <starlette.testclient.TestClient object at 0x000001EA31A3DB90>
mock_services = {'adult_content_service': <Mock id='2105366801872'>, 'age_verification_service': <Mock id='2105366597712'>, 'flash_service': <Mock id='2105366609872'>, 'token_service': <Mock id='2105366403728'>, ...}

    def test_valid_token_access(self, client, mock_services):
        """유효한 토큰으로 접근 테스트"""
        mock_services['adult_content_service'].get_gallery_for_user.return_value = []
    
        response = client.get("/v1/adult/gallery",
                            headers={"Authorization": "Bearer valid_token"})
>       assert response.status_code == 200
E       assert 404 == 200
E        +  where 404 = <Response [404 Not Found]>.status_code

cc-webapp\backend\tests\test_adult_content_router_fixed.py:244: AssertionError
-------------------------- Captured stdout teardown ---------------------------
FastAPI shutdown event: Shutting down scheduler...
_______________ TestMyUnlocksEndpoint.test_my_unlocks_endpoint ________________

self = <tests.test_adult_content_router_fixed.TestMyUnlocksEndpoint object at 0x000001EA3162DA10>
client = <starlette.testclient.TestClient object at 0x000001EA31A3E8D0>
mock_services = {'adult_content_service': <Mock id='2105366601936'>, 'age_verification_service': <Mock id='2105366605392'>, 'flash_service': <Mock id='2105366571920'>, 'token_service': <Mock id='2105366600720'>, ...}

    def test_my_unlocks_endpoint(self, client, mock_services):
        """My unlocks 엔드포인트 테스트"""
        mock_services['adult_content_service'].get_user_unlock_history.return_value = []
    
        response = client.get("/v1/adult/my-unlocks",
                            headers={"Authorization": "Bearer test_token"})
>       assert response.status_code == 200
E       assert 404 == 200
E        +  where 404 = <Response [404 Not Found]>.status_code

cc-webapp\backend\tests\test_adult_content_router_fixed.py:256: AssertionError
-------------------------- Captured stdout teardown ---------------------------
FastAPI shutdown event: Shutting down scheduler...
__________________ TestHealthCheck.test_health_check_no_auth __________________

self = <tests.test_adult_content_router_simple.TestHealthCheck object at 0x000001EA3162FC10>

    def test_health_check_no_auth(self):
        """헬스체크는 인증 없이 접근 가능해야 함"""
>       response = client.get("/v1/adult/health")
E       AttributeError: 'function' object has no attribute 'get'

cc-webapp\backend\tests\test_adult_content_router_simple.py:36: AttributeError
________ TestBasicEndpoints.test_gallery_endpoint_with_error_handling _________

self = <tests.test_adult_content_router_simple.TestBasicEndpoints object at 0x000001EA31630750>
client = <starlette.testclient.TestClient object at 0x000001EA3162CC10>
mock_services = {'adult_content_service': <Mock id='2105367090000'>, 'age_verification_service': <Mock id='2105343992400'>, 'flash_service': <Mock id='2105367088656'>, 'token_service': <Mock id='2105366565776'>, ...}

    def test_gallery_endpoint_with_error_handling(self, client, mock_services):
        """갤러리 엔드포인트 - 에러 처리 확인"""
        # Mock에서 ValueError 발생시킴
        mock_services['adult_content_service'].get_gallery_for_user.side_effect = ValueError("Test error")
    
        response = client.get("/v1/adult/gallery",
                            headers={"Authorization": "Bearer test_token"})
        # ValueError는 400으로 처리되어야 함
>       assert response.status_code == 400
E       assert 404 == 400
E        +  where 404 = <Response [404 Not Found]>.status_code

cc-webapp\backend\tests\test_adult_content_router_simple.py:54: AssertionError
-------------------------- Captured stdout teardown ---------------------------
FastAPI shutdown event: Shutting down scheduler...
______________ TestBasicEndpoints.test_gallery_endpoint_success _______________

self = <tests.test_adult_content_router_simple.TestBasicEndpoints object at 0x000001EA31630E90>
client = <starlette.testclient.TestClient object at 0x000001EA31A4F5D0>
mock_services = {'adult_content_service': <Mock id='2105366870288'>, 'age_verification_service': <Mock id='2105366369104'>, 'flash_service': <Mock id='2105366324880'>, 'token_service': <Mock id='2105366870736'>, ...}

    def test_gallery_endpoint_success(self, client, mock_services):
        """갤러리 엔드포인트 성공 케이스"""
        mock_services['adult_content_service'].get_gallery_for_user.return_value = [
            {"id": 1, "title": "Test Content"}
        ]
    
        response = client.get("/v1/adult/gallery",
                            headers={"Authorization": "Bearer test_token"})
        # 갤러리는 성공하거나 적절한 오류 응답을 해야 함
>       assert response.status_code in [200, 400, 500]
E       assert 404 in [200, 400, 500]
E        +  where 404 = <Response [404 Not Found]>.status_code

cc-webapp\backend\tests\test_adult_content_router_simple.py:65: AssertionError
-------------------------- Captured stdout teardown ---------------------------
FastAPI shutdown event: Shutting down scheduler...
_____________________ TestVIPEndpoints.test_get_vip_info ______________________

self = <tests.test_adult_content_router_simple.TestVIPEndpoints object at 0x000001EA31631910>
client = <starlette.testclient.TestClient object at 0x000001EA31A4E490>

    def test_get_vip_info(self, client):
        """VIP 정보 조회 테스트"""
        response = client.get("/v1/adult/vip/info",
                            headers={"Authorization": "Bearer test_token"})
>       assert response.status_code == 200
E       assert 404 == 200
E        +  where 404 = <Response [404 Not Found]>.status_code

cc-webapp\backend\tests\test_adult_content_router_simple.py:75: AssertionError
-------------------------- Captured stdout teardown ---------------------------
FastAPI shutdown event: Shutting down scheduler...
________________ TestFlashOffers.test_get_active_flash_offers _________________

self = <tests.test_adult_content_router_simple.TestFlashOffers object at 0x000001EA316323D0>
client = <starlette.testclient.TestClient object at 0x000001EA319E7090>

    def test_get_active_flash_offers(self, client):
        """활성 플래시 오퍼 조회 테스트"""
        response = client.get("/v1/adult/flash-offers/active",
                            headers={"Authorization": "Bearer test_token"})
>       assert response.status_code == 200
E       assert 404 == 200
E        +  where 404 = <Response [404 Not Found]>.status_code

cc-webapp\backend\tests\test_adult_content_router_simple.py:87: AssertionError
-------------------------- Captured stdout teardown ---------------------------
FastAPI shutdown event: Shutting down scheduler...
__________________ TestFlashOffers.test_purchase_flash_offer __________________

self = <tests.test_adult_content_router_simple.TestFlashOffers object at 0x000001EA31632B10>
client = <starlette.testclient.TestClient object at 0x000001EA319D9D10>

    def test_purchase_flash_offer(self, client):
        """플래시 오퍼 구매 테스트"""
        offer_data = {"offer_id": "flash_001", "tokens_to_spend": 200}
        response = client.post("/v1/adult/flash-offers/purchase",
                             json=offer_data,
                             headers={"Authorization": "Bearer test_token"})
>       assert response.status_code == 200
E       assert 404 == 200
E        +  where 404 = <Response [404 Not Found]>.status_code

cc-webapp\backend\tests\test_adult_content_router_simple.py:97: AssertionError
-------------------------- Captured stdout teardown ---------------------------
FastAPI shutdown event: Shutting down scheduler...
_________________ TestContentUnlock.test_unlock_content_basic _________________

self = <tests.test_adult_content_router_simple.TestContentUnlock object at 0x000001EA3162D950>
client = <starlette.testclient.TestClient object at 0x000001EA31A97990>
mock_services = {'adult_content_service': <Mock id='2105367153808'>, 'age_verification_service': <Mock id='2105367160528'>, 'flash_service': <Mock id='2105367158736'>, 'token_service': <Mock id='2105367159184'>, ...}

    def test_unlock_content_basic(self, client, mock_services):
        """기본 콘텐츠 언락 테스트"""
        # Mock user service
        mock_user = Mock()
        mock_user.id = 123
        mock_services['user_service'].get_user_or_error.return_value = mock_user
    
        # 언락 요청
        unlock_data = {"stage": 2, "tokens_to_spend": 100}
        response = client.post("/v1/adult/content/unlock",
                             json=unlock_data,
                             headers={"Authorization": "Bearer test_token"})
    
>       assert response.status_code == 200
E       assert 404 == 200
E        +  where 404 = <Response [404 Not Found]>.status_code

cc-webapp\backend\tests\test_adult_content_router_simple.py:118: AssertionError
-------------------------- Captured stdout teardown ---------------------------
FastAPI shutdown event: Shutting down scheduler...
________________ TestAuthentication.test_auth_required_gallery ________________

self = <tests.test_adult_content_router_simple.TestAuthentication object at 0x000001EA31631F90>
client = <starlette.testclient.TestClient object at 0x000001EA31A94B10>

    def test_auth_required_gallery(self, client):
        """갤러리는 인증이 필요함"""
        response = client.get("/v1/adult/gallery")
        # 인증 없이 접근 시 오류
>       assert response.status_code in [400, 401, 422]
E       assert 404 in [400, 401, 422]
E        +  where 404 = <Response [404 Not Found]>.status_code

cc-webapp\backend\tests\test_adult_content_router_simple.py:130: AssertionError
-------------------------- Captured stdout teardown ---------------------------
FastAPI shutdown event: Shutting down scheduler...
__________________ TestAuthentication.test_auth_required_vip __________________

self = <tests.test_adult_content_router_simple.TestAuthentication object at 0x000001EA31633790>
client = <starlette.testclient.TestClient object at 0x000001EA31A958D0>

    def test_auth_required_vip(self, client):
        """VIP 정보는 인증이 필요함"""
        response = client.get("/v1/adult/vip/info")
>       assert response.status_code in [400, 401, 422]
E       assert 404 in [400, 401, 422]
E        +  where 404 = <Response [404 Not Found]>.status_code

cc-webapp\backend\tests\test_adult_content_router_simple.py:135: AssertionError
-------------------------- Captured stdout teardown ---------------------------
FastAPI shutdown event: Shutting down scheduler...
_________________ TestErrorHandling.test_service_error_to_400 _________________

self = <tests.test_adult_content_router_simple.TestErrorHandling object at 0x000001EA31633DD0>
client = <starlette.testclient.TestClient object at 0x000001EA31A316D0>
mock_services = {'adult_content_service': <Mock id='2105366840912'>, 'age_verification_service': <Mock id='2105366598416'>, 'flash_service': <Mock id='2105366606288'>, 'token_service': <Mock id='2105366839632'>, ...}

    def test_service_error_to_400(self, client, mock_services):
        """서비스 ValueError는 400으로 변환되어야 함"""
        mock_services['adult_content_service'].get_gallery_for_user.side_effect = ValueError("Service error")
    
        response = client.get("/v1/adult/gallery",
                            headers={"Authorization": "Bearer test_token"})
>       assert response.status_code == 400
E       assert 404 == 400
E        +  where 404 = <Response [404 Not Found]>.status_code

cc-webapp\backend\tests\test_adult_content_router_simple.py:147: AssertionError
-------------------------- Captured stdout teardown ---------------------------
FastAPI shutdown event: Shutting down scheduler...
_______________ TestErrorHandling.test_general_exception_to_500 _______________

self = <tests.test_adult_content_router_simple.TestErrorHandling object at 0x000001EA316403D0>
client = <starlette.testclient.TestClient object at 0x000001EA31A4B510>
mock_services = {'adult_content_service': <Mock id='2105366852624'>, 'age_verification_service': <Mock id='2105367096784'>, 'flash_service': <Mock id='2105367096464'>, 'token_service': <Mock id='2105367087568'>, ...}

    def test_general_exception_to_500(self, client, mock_services):
        """일반 예외는 500으로 변환되어야 함"""
        mock_services['adult_content_service'].get_gallery_for_user.side_effect = Exception("General error")
    
        response = client.get("/v1/adult/gallery",
                            headers={"Authorization": "Bearer test_token"})
>       assert response.status_code == 500
E       assert 404 == 500
E        +  where 404 = <Response [404 Not Found]>.status_code

cc-webapp\backend\tests\test_adult_content_router_simple.py:155: AssertionError
-------------------------- Captured stdout teardown ---------------------------
FastAPI shutdown event: Shutting down scheduler...
___________________ TestSimpleWorkflow.test_basic_workflow ____________________

self = <tests.test_adult_content_router_simple.TestSimpleWorkflow object at 0x000001EA31640DD0>
client = <starlette.testclient.TestClient object at 0x000001EA31A0FC50>
mock_services = {'adult_content_service': <Mock id='2105367095120'>, 'age_verification_service': <Mock id='2105366571792'>, 'flash_service': <Mock id='2105366316624'>, 'token_service': <Mock id='2105366329808'>, ...}

    def test_basic_workflow(self, client, mock_services):
        """기본 워크플로우: 갤러리 조회 -> VIP 정보 조회"""
        # 1. 갤러리 조회
        mock_services['adult_content_service'].get_gallery_for_user.return_value = []
        gallery_response = client.get("/v1/adult/gallery",
                                    headers={"Authorization": "Bearer test_token"})
>       assert gallery_response.status_code == 200
E       assert 404 == 200
E        +  where 404 = <Response [404 Not Found]>.status_code

cc-webapp\backend\tests\test_adult_content_router_simple.py:167: AssertionError
-------------------------- Captured stdout teardown ---------------------------
FastAPI shutdown event: Shutting down scheduler...
_________ TestAdultContentService.test_get_content_access_level_basic _________

self = <tests.test_adult_content_service.TestAdultContentService object at 0x000001EA31642E10>
adult_content_service = <app.services.adult_content_service.AdultContentService object at 0x000001EA31A4DE10>
mock_age_verification_service = <MagicMock id='2105367033680'>
mock_db = <MagicMock id='2105367020560'>

    @pytest.mark.asyncio
    async def test_get_content_access_level_basic(self, adult_content_service, mock_age_verification_service, mock_db):
        """Test basic content access level."""
        # Mock age verification to return True
        mock_age_verification_service.is_user_age_verified.return_value = True
    
        # Mock user segment query
        mock_segment = UserSegment(user_id=1, rfm_group="Medium")
        mock_db.query().filter().first.return_value = mock_segment
    
        result = adult_content_service.get_content_access_level(user_id=1, content_id=101)
    
        # Since Medium maps to PREMIUM level, expect ContentStageEnum.BASIC
>       assert result == ContentStageEnum.BASIC
E       AssertionError: assert <ContentStage...UM: 'Premium'> == <ContentStage...ASIC: 'Basic'>
E         - Basic
E         + Premium

cc-webapp\backend\tests\test_adult_content_service.py:64: AssertionError
_____________________________ test_login_failure ______________________________

self = <sqlalchemy.engine.base.Connection object at 0x000001EA31BAE510>
dialect = <sqlalchemy.dialects.sqlite.pysqlite.SQLiteDialect_pysqlite object at 0x000001EA2FAA2E10>
context = <sqlalchemy.dialects.sqlite.base.SQLiteExecutionContext object at 0x000001EA31BCA810>
statement = <sqlalchemy.dialects.sqlite.base.SQLiteCompiler object at 0x000001EA31BCA7D0>
parameters = [('bad', 1, 0)]

    def _exec_single_context(
        self,
        dialect: Dialect,
        context: ExecutionContext,
        statement: Union[str, Compiled],
        parameters: Optional[_AnyMultiExecuteParams],
    ) -> CursorResult[Any]:
        """continue the _execute_context() method for a single DBAPI
        cursor.execute() or cursor.executemany() call.
    
        """
        if dialect.bind_typing is BindTyping.SETINPUTSIZES:
            generic_setinputsizes = context._prepare_set_input_sizes()
    
            if generic_setinputsizes:
                try:
                    dialect.do_set_input_sizes(
                        context.cursor, generic_setinputsizes, context
                    )
                except BaseException as e:
                    self._handle_dbapi_exception(
                        e, str(statement), parameters, None, context
                    )
    
        cursor, str_statement, parameters = (
            context.cursor,
            context.statement,
            context.parameters,
        )
    
        effective_parameters: Optional[_AnyExecuteParams]
    
        if not context.executemany:
            effective_parameters = parameters[0]
        else:
            effective_parameters = parameters
    
        if self._has_events or self.engine._has_events:
            for fn in self.dispatch.before_cursor_execute:
                str_statement, effective_parameters = fn(
                    self,
                    cursor,
                    str_statement,
                    effective_parameters,
                    context,
                    context.executemany,
                )
    
        if self._echo:
            self._log_info(str_statement)
    
            stats = context._get_cache_stats()
    
            if not self.engine.hide_parameters:
                self._log_info(
                    "[%s] %r",
                    stats,
                    sql_util._repr_params(
                        effective_parameters,
                        batches=10,
                        ismulti=context.executemany,
                    ),
                )
            else:
                self._log_info(
                    "[%s] [SQL parameters hidden due to hide_parameters=True]",
                    stats,
                )
    
        evt_handled: bool = False
        try:
            if context.execute_style is ExecuteStyle.EXECUTEMANY:
                effective_parameters = cast(
                    "_CoreMultiExecuteParams", effective_parameters
                )
                if self.dialect._has_events:
                    for fn in self.dialect.dispatch.do_executemany:
                        if fn(
                            cursor,
                            str_statement,
                            effective_parameters,
                            context,
                        ):
                            evt_handled = True
                            break
                if not evt_handled:
                    self.dialect.do_executemany(
                        cursor,
                        str_statement,
                        effective_parameters,
                        context,
                    )
            elif not effective_parameters and context.no_parameters:
                if self.dialect._has_events:
                    for fn in self.dialect.dispatch.do_execute_no_params:
                        if fn(cursor, str_statement, context):
                            evt_handled = True
                            break
                if not evt_handled:
                    self.dialect.do_execute_no_params(
                        cursor, str_statement, context
                    )
            else:
                effective_parameters = cast(
                    "_CoreSingleExecuteParams", effective_parameters
                )
                if self.dialect._has_events:
                    for fn in self.dialect.dispatch.do_execute:
                        if fn(
                            cursor,
                            str_statement,
                            effective_parameters,
                            context,
                        ):
                            evt_handled = True
                            break
                if not evt_handled:
>                   self.dialect.do_execute(
                        cursor, str_statement, effective_parameters, context
                    )

.venv\Lib\site-packages\sqlalchemy\engine\base.py:1969: 
_ _ _ _ _ _ _ _ _ _ _ _ _ _ _ _ _ _ _ _ _ _ _ _ _ _ _ _ _ _ _ _ _ _ _ _ _ _ _ _

self = <sqlalchemy.dialects.sqlite.pysqlite.SQLiteDialect_pysqlite object at 0x000001EA2FAA2E10>
cursor = <sqlite3.Cursor object at 0x000001EA31B56DC0>
statement = 'SELECT users.id AS users_id, users.email AS users_email, users.nickname AS users_nickname, users.password_hash AS use...sers_created_at, users.segment_label AS users_segment_label \nFROM users \nWHERE users.nickname = ?\n LIMIT ? OFFSET ?'
parameters = ('bad', 1, 0)
context = <sqlalchemy.dialects.sqlite.base.SQLiteExecutionContext object at 0x000001EA31BCA810>

    def do_execute(self, cursor, statement, parameters, context=None):
>       cursor.execute(statement, parameters)
E       sqlite3.OperationalError: no such table: users

.venv\Lib\site-packages\sqlalchemy\engine\default.py:922: OperationalError

The above exception was the direct cause of the following exception:

client = <starlette.testclient.TestClient object at 0x000001EA31BCB750>

    def test_login_failure(client):
>       response = client.post(
            "/api/auth/login",
            json={"nickname": "bad", "password": "wrong", "invite_code": "INVITE"},
        )

cc-webapp\backend\tests\test_auth.py:22: 
_ _ _ _ _ _ _ _ _ _ _ _ _ _ _ _ _ _ _ _ _ _ _ _ _ _ _ _ _ _ _ _ _ _ _ _ _ _ _ _
.venv\Lib\site-packages\starlette\testclient.py:590: in post
    return super().post(
.venv\Lib\site-packages\httpx\_client.py:1157: in post
    return self.request(
.venv\Lib\site-packages\starlette\testclient.py:465: in request
    return super().request(
.venv\Lib\site-packages\httpx\_client.py:837: in request
    return self.send(request, auth=auth, follow_redirects=follow_redirects)
.venv\Lib\site-packages\httpx\_client.py:926: in send
    response = self._send_handling_auth(
.venv\Lib\site-packages\httpx\_client.py:954: in _send_handling_auth
    response = self._send_handling_redirects(
.venv\Lib\site-packages\httpx\_client.py:991: in _send_handling_redirects
    response = self._send_single_request(request)
.venv\Lib\site-packages\httpx\_client.py:1027: in _send_single_request
    response = transport.handle_request(request)
.venv\Lib\site-packages\starlette\testclient.py:342: in handle_request
    raise exc
.venv\Lib\site-packages\starlette\testclient.py:339: in handle_request
    portal.call(self.app, scope, receive, send)
.venv\Lib\site-packages\anyio\from_thread.py:277: in call
    return cast(T_Retval, self.start_task_soon(func, *args).result())
C:\Users\task2\AppData\Local\Programs\Python\Python311\Lib\concurrent\futures\_base.py:456: in result
    return self.__get_result()
C:\Users\task2\AppData\Local\Programs\Python\Python311\Lib\concurrent\futures\_base.py:401: in __get_result
    raise self._exception
.venv\Lib\site-packages\anyio\from_thread.py:217: in _call_func
    retval = await retval
.venv\Lib\site-packages\fastapi\applications.py:1106: in __call__
    await super().__call__(scope, receive, send)
.venv\Lib\site-packages\starlette\applications.py:122: in __call__
    await self.middleware_stack(scope, receive, send)
.venv\Lib\site-packages\starlette\middleware\errors.py:184: in __call__
    raise exc
.venv\Lib\site-packages\starlette\middleware\errors.py:162: in __call__
    await self.app(scope, receive, _send)
.venv\Lib\site-packages\starlette\middleware\cors.py:83: in __call__
    await self.app(scope, receive, send)
.venv\Lib\site-packages\prometheus_fastapi_instrumentator\middleware.py:169: in __call__
    raise exc
.venv\Lib\site-packages\prometheus_fastapi_instrumentator\middleware.py:167: in __call__
    await self.app(scope, receive, send_wrapper)
.venv\Lib\site-packages\starlette\middleware\exceptions.py:79: in __call__
    raise exc
.venv\Lib\site-packages\starlette\middleware\exceptions.py:68: in __call__
    await self.app(scope, receive, sender)
.venv\Lib\site-packages\fastapi\middleware\asyncexitstack.py:20: in __call__
    raise e
.venv\Lib\site-packages\fastapi\middleware\asyncexitstack.py:17: in __call__
    await self.app(scope, receive, send)
.venv\Lib\site-packages\starlette\routing.py:718: in __call__
    await route.handle(scope, receive, send)
.venv\Lib\site-packages\starlette\routing.py:276: in handle
    await self.app(scope, receive, send)
.venv\Lib\site-packages\starlette\routing.py:66: in app
    response = await func(request)
.venv\Lib\site-packages\fastapi\routing.py:274: in app
    raw_response = await run_endpoint_function(
.venv\Lib\site-packages\fastapi\routing.py:191: in run_endpoint_function
    return await dependant.call(**values)
cc-webapp\backend\app\routers\auth.py:132: in login
    user = db.query(models.User).filter(models.User.nickname == data.nickname).first()
.venv\Lib\site-packages\sqlalchemy\orm\query.py:2748: in first
    return self.limit(1)._iter().first()  # type: ignore
.venv\Lib\site-packages\sqlalchemy\orm\query.py:2847: in _iter
    result: Union[ScalarResult[_T], Result[_T]] = self.session.execute(
.venv\Lib\site-packages\sqlalchemy\orm\session.py:2308: in execute
    return self._execute_internal(
.venv\Lib\site-packages\sqlalchemy\orm\session.py:2190: in _execute_internal
    result: Result[Any] = compile_state_cls.orm_execute_statement(
.venv\Lib\site-packages\sqlalchemy\orm\context.py:293: in orm_execute_statement
    result = conn.execute(
.venv\Lib\site-packages\sqlalchemy\engine\base.py:1416: in execute
    return meth(
.venv\Lib\site-packages\sqlalchemy\sql\elements.py:516: in _execute_on_connection
    return connection._execute_clauseelement(
.venv\Lib\site-packages\sqlalchemy\engine\base.py:1639: in _execute_clauseelement
    ret = self._execute_context(
.venv\Lib\site-packages\sqlalchemy\engine\base.py:1848: in _execute_context
    return self._exec_single_context(
.venv\Lib\site-packages\sqlalchemy\engine\base.py:1988: in _exec_single_context
    self._handle_dbapi_exception(
.venv\Lib\site-packages\sqlalchemy\engine\base.py:2343: in _handle_dbapi_exception
    raise sqlalchemy_exception.with_traceback(exc_info[2]) from e
.venv\Lib\site-packages\sqlalchemy\engine\base.py:1969: in _exec_single_context
    self.dialect.do_execute(
_ _ _ _ _ _ _ _ _ _ _ _ _ _ _ _ _ _ _ _ _ _ _ _ _ _ _ _ _ _ _ _ _ _ _ _ _ _ _ _

self = <sqlalchemy.dialects.sqlite.pysqlite.SQLiteDialect_pysqlite object at 0x000001EA2FAA2E10>
cursor = <sqlite3.Cursor object at 0x000001EA31B56DC0>
statement = 'SELECT users.id AS users_id, users.email AS users_email, users.nickname AS users_nickname, users.password_hash AS use...sers_created_at, users.segment_label AS users_segment_label \nFROM users \nWHERE users.nickname = ?\n LIMIT ? OFFSET ?'
parameters = ('bad', 1, 0)
context = <sqlalchemy.dialects.sqlite.base.SQLiteExecutionContext object at 0x000001EA31BCA810>

    def do_execute(self, cursor, statement, parameters, context=None):
>       cursor.execute(statement, parameters)
E       sqlalchemy.exc.OperationalError: (sqlite3.OperationalError) no such table: users
E       [SQL: SELECT users.id AS users_id, users.email AS users_email, users.nickname AS users_nickname, users.password_hash AS users_password_hash, users.invite_code AS users_invite_code, users.cyber_token_balance AS users_cyber_token_balance, users.created_at AS users_created_at, users.segment_label AS users_segment_label 
E       FROM users 
E       WHERE users.nickname = ?
E        LIMIT ? OFFSET ?]
E       [parameters: ('bad', 1, 0)]
E       (Background on this error at: https://sqlalche.me/e/20/e3q8)

.venv\Lib\site-packages\sqlalchemy\engine\default.py:922: OperationalError
---------------------------- Captured stdout call -----------------------------
Using DB: sqlite:///./test.db
-------------------------- Captured stdout teardown ---------------------------
FastAPI shutdown event: Shutting down scheduler...
___ TestEmotionFeedbackService.test_generate_feedback_with_missing_emotion ____

self = <tests.test_emotion_feedback_service.TestEmotionFeedbackService object at 0x000001EA31675B50>

    def test_generate_feedback_with_missing_emotion(self):
        """Test feedback generation with missing emotion and segment (should handle empty strings)."""
>       feedback = self.service.generate_feedback(
            user_id=1,
            action_type="GAME_WIN",
            emotion="",  # None 대신 빈 문자열
            segment="",  # None 대신 빈 문자열
            metadata={}
        )
E       TypeError: EmotionFeedbackService.generate_feedback() got an unexpected keyword argument 'user_id'

cc-webapp\backend\tests\test_emotion_feedback_service.py:220: TypeError
________________________ test_pull_gacha_uses_service _________________________

client = <starlette.testclient.TestClient object at 0x000001EA32DA8750>
monkeypatch = <_pytest.monkeypatch.MonkeyPatch object at 0x000001EA32DA9D90>

    def test_pull_gacha_uses_service(client, monkeypatch):
        """서비스 의존성 주입이 제대로 동작하는지 확인."""
    
        service_mock = MagicMock()
        service_mock.pull.return_value = GachaPullResult(["Legendary"], -50, 50)
        monkeypatch.setitem(
            client.app.dependency_overrides, gacha_router.get_service, lambda: service_mock
        )
    
        class DummyDB:
            def query(self, model):
                class Q:
                    def filter(self, *args, **kwargs):
                        class F:
                            def first(self):
                                return object()
    
                        return F()
    
                return Q()
    
        monkeypatch.setitem(
            client.app.dependency_overrides, gacha_router.get_db, lambda: DummyDB()
        )
    
        response = client.post("/api/gacha/pull", json={"user_id": 1})
        assert response.status_code == 200
>       assert response.json()["type"] == "Legendary"
E       AssertionError: assert 'CONTENT_UNLOCK' == 'Legendary'
E         - Legendary
E         + CONTENT_UNLOCK

cc-webapp\backend\tests\test_gacha_router.py:42: AssertionError
-------------------------- Captured stdout teardown ---------------------------
FastAPI shutdown event: Shutting down scheduler...
___________________________ test_spin_slot_success ____________________________

client = <starlette.testclient.TestClient object at 0x000001EA32512110>
app_with_mocks = ({'user_id': 123}, <MagicMock spec='Session' id='2105378273488'>, <MagicMock spec='GameService' id='2105378267984'>)

    def test_spin_slot_success(client, app_with_mocks):
        """Test successful slot spin."""
        _, _, mock_game_service = app_with_mocks
    
        # Setup mock response
        mock_result = MagicMock(spec=SlotSpinResult)
        mock_result.result = "win"
        mock_result.tokens_change = 8
        mock_result.balance = 108
        mock_result.streak = 0
        mock_result.animation = "win"
    
        mock_game_service.slot_spin.return_value = mock_result
    
        # Make request
        response = client.post("/api/games/slot/spin")
    
        # Check response
>       assert response.status_code == 200
E       assert 404 == 200
E        +  where 404 = <Response [404 Not Found]>.status_code

cc-webapp\backend\tests\test_games_router.py:83: AssertionError
-------------------------- Captured stdout teardown ---------------------------
FastAPI shutdown event: Shutting down scheduler...
____________________________ test_spin_slot_error _____________________________

client = <starlette.testclient.TestClient object at 0x000001EA32511110>
app_with_mocks = ({'user_id': 123}, <MagicMock spec='Session' id='2105368212944'>, <MagicMock spec='GameService' id='2105377338192'>)

    def test_spin_slot_error(client, app_with_mocks):
        """Test slot spin with error."""
        _, _, mock_game_service = app_with_mocks
    
        # Setup mock to raise exception
        mock_game_service.slot_spin.side_effect = ValueError("Insufficient tokens")
    
        # Make request
        response = client.post("/api/games/slot/spin")
    
        # Check response
>       assert response.status_code == 400
E       assert 404 == 400
E        +  where 404 = <Response [404 Not Found]>.status_code

cc-webapp\backend\tests\test_games_router.py:106: AssertionError
-------------------------- Captured stdout teardown ---------------------------
FastAPI shutdown event: Shutting down scheduler...
_________________________ test_spin_slot_server_error _________________________

client = <starlette.testclient.TestClient object at 0x000001EA3252FDD0>
app_with_mocks = ({'user_id': 123}, <MagicMock spec='Session' id='2105368479376'>, <MagicMock spec='GameService' id='2105368478352'>)

    def test_spin_slot_server_error(client, app_with_mocks):
        """Test slot spin with server error."""
        _, _, mock_game_service = app_with_mocks
    
        # Setup mock to raise exception
        mock_game_service.slot_spin.side_effect = Exception("Database error")
    
        # Make request
        response = client.post("/api/games/slot/spin")
    
        # Check response
>       assert response.status_code == 500
E       assert 404 == 500
E        +  where 404 = <Response [404 Not Found]>.status_code

cc-webapp\backend\tests\test_games_router.py:122: AssertionError
-------------------------- Captured stdout teardown ---------------------------
FastAPI shutdown event: Shutting down scheduler...
_________________________ test_spin_roulette_success __________________________

client = <starlette.testclient.TestClient object at 0x000001EA31BF7ED0>
app_with_mocks = ({'user_id': 123}, <MagicMock spec='Session' id='2105378240848'>, <MagicMock spec='GameService' id='2105378230096'>)

    def test_spin_roulette_success(client, app_with_mocks):
        """Test successful roulette spin."""
        _, _, mock_game_service = app_with_mocks
    
        # Setup mock response
        mock_result = MagicMock(spec=RouletteSpinResult)
        mock_result.winning_number = 7
        mock_result.result = "win"
        mock_result.tokens_change = 10
        mock_result.balance = 110
        mock_result.animation = "win"
    
        mock_game_service.roulette_spin.return_value = mock_result
    
        # Make request
        response = client.post(
            "/api/games/roulette/spin",
            json={"bet_type": "number", "bet_amount": 10, "value": "7"}
        )
    
        # Check response
>       assert response.status_code == 200
E       assert 404 == 200
E        +  where 404 = <Response [404 Not Found]>.status_code

cc-webapp\backend\tests\test_games_router.py:148: AssertionError
-------------------------- Captured stdout teardown ---------------------------
FastAPI shutdown event: Shutting down scheduler...
__________________________ test_spin_roulette_error ___________________________

client = <starlette.testclient.TestClient object at 0x000001EA31BF67D0>
app_with_mocks = ({'user_id': 123}, <MagicMock spec='Session' id='2105368693776'>, <MagicMock spec='GameService' id='2105368701264'>)

    def test_spin_roulette_error(client, app_with_mocks):
        """Test roulette spin with error."""
        _, _, mock_game_service = app_with_mocks
    
        # Setup mock to raise exception
        mock_game_service.roulette_spin.side_effect = ValueError("Invalid bet type")
    
        # Make request
        response = client.post(
            "/api/games/roulette/spin",
            json={"bet_type": "invalid", "bet_amount": 10}
        )
    
        # Check response
>       assert response.status_code == 400
E       assert 404 == 400
E        +  where 404 = <Response [404 Not Found]>.status_code

cc-webapp\backend\tests\test_games_router.py:174: AssertionError
-------------------------- Captured stdout teardown ---------------------------
FastAPI shutdown event: Shutting down scheduler...
___________________________ test_pull_gacha_success ___________________________

client = <starlette.testclient.TestClient object at 0x000001EA32527ED0>
app_with_mocks = ({'user_id': 123}, <MagicMock spec='Session' id='2105368477904'>, <MagicMock spec='GameService' id='2105384014608'>)

    def test_pull_gacha_success(client, app_with_mocks):
        """Test successful gacha pull."""
        _, _, mock_game_service = app_with_mocks
    
        # Setup mock response
        mock_result = MagicMock(spec=GachaPullResult)
        mock_result.results = [
            {"rarity": "SSR", "item_id": 101, "name": "Legendary Sword"},
            {"rarity": "R", "item_id": 202, "name": "Common Shield"}
        ]
        mock_result.tokens_change = -20
        mock_result.balance = 80
    
        mock_game_service.gacha_pull.return_value = mock_result
    
        # Make request
        response = client.post("/api/games/gacha/pull", json={"count": 2})
    
        # Check response
>       assert response.status_code == 200
E       assert 404 == 200
E        +  where 404 = <Response [404 Not Found]>.status_code

cc-webapp\backend\tests\test_games_router.py:198: AssertionError
-------------------------- Captured stdout teardown ---------------------------
FastAPI shutdown event: Shutting down scheduler...
____________________________ test_pull_gacha_error ____________________________

client = <starlette.testclient.TestClient object at 0x000001EA31C0CB10>
app_with_mocks = ({'user_id': 123}, <MagicMock spec='Session' id='2105377336912'>, <MagicMock spec='GameService' id='2105377331984'>)

    def test_pull_gacha_error(client, app_with_mocks):
        """Test gacha pull with error."""
        _, _, mock_game_service = app_with_mocks
    
        # Setup mock to raise exception
        mock_game_service.gacha_pull.side_effect = ValueError("Invalid count")
    
        # Make request
        response = client.post("/api/games/gacha/pull", json={"count": 0})
    
        # Check response
>       assert response.status_code == 400
E       assert 404 == 400
E        +  where 404 = <Response [404 Not Found]>.status_code

cc-webapp\backend\tests\test_games_router.py:220: AssertionError
-------------------------- Captured stdout teardown ---------------------------
FastAPI shutdown event: Shutting down scheduler...
________________________ test_pull_gacha_server_error _________________________

client = <starlette.testclient.TestClient object at 0x000001EA324E9D90>
app_with_mocks = ({'user_id': 123}, <MagicMock spec='Session' id='2105378153360'>, <MagicMock spec='GameService' id='2105378147728'>)

    def test_pull_gacha_server_error(client, app_with_mocks):
        """Test gacha pull with server error."""
        _, _, mock_game_service = app_with_mocks
    
        # Setup mock to raise exception
        mock_game_service.gacha_pull.side_effect = Exception("Database error")
    
        # Make request
        response = client.post("/api/games/gacha/pull", json={"count": 1})
    
        # Check response
>       assert response.status_code == 500
E       assert 404 == 500
E        +  where 404 = <Response [404 Not Found]>.status_code

cc-webapp\backend\tests\test_games_router.py:236: AssertionError
-------------------------- Captured stdout teardown ---------------------------
FastAPI shutdown event: Shutting down scheduler...
___________________ test_dummy_scheduler_when_import_fails ____________________

    def test_dummy_scheduler_when_import_fails():
        """Test that dummy scheduler is used when APScheduler import fails."""
>       from app.main import _DummyScheduler
E       ImportError: cannot import name '_DummyScheduler' from 'app.main' (C:\Users\task2\OneDrive\문서\GitHub\2025-2\auto202506-a\cc-webapp\backend\app\main.py)

cc-webapp\backend\tests\test_main.py:110: ImportError
______________________ test_get_one_pending_notification ______________________

client = <starlette.testclient.TestClient object at 0x000001EA3253BB50>
db_session = <sqlalchemy.orm.session.Session object at 0x000001EA324EA590>

    def test_get_one_pending_notification(client, db_session: Session):
        user, all_notifs = seed_notifications_data(db_session, user_id=USER_ID_FOR_NOTIFICATION_TESTS, num_pending=2, num_sent=1, email_suffix="_one_pending")
        pending_notifs_in_db = sorted(
            [n for n in all_notifs if not n.is_sent],
            key=lambda n: n.created_at
        )
        oldest_pending_message_text = pending_notifs_in_db[0].message
    
>       response = client.get(f"/api/notification/pending/{user.id}")

cc-webapp\backend\tests\test_notification.py:99: 
_ _ _ _ _ _ _ _ _ _ _ _ _ _ _ _ _ _ _ _ _ _ _ _ _ _ _ _ _ _ _ _ _ _ _ _ _ _ _ _
.venv\Lib\site-packages\starlette\testclient.py:499: in get
    return super().get(
.venv\Lib\site-packages\httpx\_client.py:1066: in get
    return self.request(
.venv\Lib\site-packages\starlette\testclient.py:465: in request
    return super().request(
.venv\Lib\site-packages\httpx\_client.py:837: in request
    return self.send(request, auth=auth, follow_redirects=follow_redirects)
.venv\Lib\site-packages\httpx\_client.py:926: in send
    response = self._send_handling_auth(
.venv\Lib\site-packages\httpx\_client.py:954: in _send_handling_auth
    response = self._send_handling_redirects(
.venv\Lib\site-packages\httpx\_client.py:991: in _send_handling_redirects
    response = self._send_single_request(request)
.venv\Lib\site-packages\httpx\_client.py:1027: in _send_single_request
    response = transport.handle_request(request)
.venv\Lib\site-packages\starlette\testclient.py:342: in handle_request
    raise exc
.venv\Lib\site-packages\starlette\testclient.py:339: in handle_request
    portal.call(self.app, scope, receive, send)
.venv\Lib\site-packages\anyio\from_thread.py:277: in call
    return cast(T_Retval, self.start_task_soon(func, *args).result())
C:\Users\task2\AppData\Local\Programs\Python\Python311\Lib\concurrent\futures\_base.py:456: in result
    return self.__get_result()
C:\Users\task2\AppData\Local\Programs\Python\Python311\Lib\concurrent\futures\_base.py:401: in __get_result
    raise self._exception
.venv\Lib\site-packages\anyio\from_thread.py:217: in _call_func
    retval = await retval
.venv\Lib\site-packages\fastapi\applications.py:1106: in __call__
    await super().__call__(scope, receive, send)
.venv\Lib\site-packages\starlette\applications.py:122: in __call__
    await self.middleware_stack(scope, receive, send)
.venv\Lib\site-packages\starlette\middleware\errors.py:184: in __call__
    raise exc
.venv\Lib\site-packages\starlette\middleware\errors.py:162: in __call__
    await self.app(scope, receive, _send)
.venv\Lib\site-packages\starlette\middleware\cors.py:83: in __call__
    await self.app(scope, receive, send)
.venv\Lib\site-packages\prometheus_fastapi_instrumentator\middleware.py:169: in __call__
    raise exc
.venv\Lib\site-packages\prometheus_fastapi_instrumentator\middleware.py:167: in __call__
    await self.app(scope, receive, send_wrapper)
.venv\Lib\site-packages\starlette\middleware\exceptions.py:79: in __call__
    raise exc
.venv\Lib\site-packages\starlette\middleware\exceptions.py:68: in __call__
    await self.app(scope, receive, sender)
.venv\Lib\site-packages\fastapi\middleware\asyncexitstack.py:20: in __call__
    raise e
.venv\Lib\site-packages\fastapi\middleware\asyncexitstack.py:17: in __call__
    await self.app(scope, receive, send)
.venv\Lib\site-packages\starlette\routing.py:718: in __call__
    await route.handle(scope, receive, send)
.venv\Lib\site-packages\starlette\routing.py:276: in handle
    await self.app(scope, receive, send)
.venv\Lib\site-packages\starlette\routing.py:66: in app
    response = await func(request)
.venv\Lib\site-packages\fastapi\routing.py:274: in app
    raw_response = await run_endpoint_function(
.venv\Lib\site-packages\fastapi\routing.py:191: in run_endpoint_function
    return await dependant.call(**values)
_ _ _ _ _ _ _ _ _ _ _ _ _ _ _ _ _ _ _ _ _ _ _ _ _ _ _ _ _ _ _ _ _ _ _ _ _ _ _ _

user_id = 301
service = <app.services.notification_service.NotificationService object at 0x000001EA31F7F650>
user_service = <app.services.user_service.UserService object at 0x000001EA31F7F5D0>

    @router.get(
        "/notification/pending/{user_id}", # Path maintained from original
        response_model=PendingNotificationResponse,
        tags=["notification"]
    )
    async def get_pending_notification(
        user_id: int = Path(..., title="The ID of the user to check for pending notifications", ge=1),
        service: NotificationService = Depends(get_notification_service),
        user_service: UserService = Depends(get_user_service)
    ):
        """
        Retrieves the oldest pending notification for a user, marks it as sent,
        and returns its details. If no pending notifications, returns empty object or specific fields as None.
        """
        try:
            user_service.get_user_or_error(user_id)
        except ValueError as e:
            raise HTTPException(status_code=404, detail=str(e))
    
        notification = service.get_oldest_pending_notification(user_id=user_id)
    
        if not notification:
            # Return a response indicating no pending notification found
            # Based on the Pydantic model, all fields are Optional, so an empty call works
            return PendingNotificationResponse()
    
        # If service might raise an error that should be propagated as HTTP error:
        # try:
        #     notification = service.get_oldest_pending_notification(user_id=user_id)
        # except SomeServiceSpecificException as e:
        #     raise HTTPException(status_code=400, detail=str(e))
    
        # The service now handles committing and refreshing.
        # The router just needs to return the data.
>       return PendingNotificationResponse.model_validate(notification) # Pydantic V2
E       pydantic_core._pydantic_core.ValidationError: 1 validation error for PendingNotificationResponse
E       message
E         Input should be a valid string [type=string_type, input_value=<MagicMock name='mock.que...age' id='2105381302352'>, input_type=MagicMock]
E           For further information visit https://errors.pydantic.dev/2.5/v/string_type

cc-webapp\backend\app\routers\notification.py:67: ValidationError
-------------------------- Captured stdout teardown ---------------------------
FastAPI shutdown event: Shutting down scheduler...
_______________ test_get_all_pending_notifications_sequentially _______________

client = <starlette.testclient.TestClient object at 0x000001EA32A38E50>
db_session = <sqlalchemy.orm.session.Session object at 0x000001EA32760550>

    def test_get_all_pending_notifications_sequentially(client, db_session: Session):
        user, all_notifs = seed_notifications_data(db_session, user_id=USER_ID_FOR_NOTIFICATION_TESTS, num_pending=2, num_sent=0, email_suffix="_seq_pending")
        pending_notifs_in_db_ordered = sorted(
            [n for n in all_notifs if not n.is_sent],
            key=lambda n: n.created_at
        )
    
>       response1 = client.get(f"/api/notification/pending/{user.id}")

cc-webapp\backend\tests\test_notification.py:123: 
_ _ _ _ _ _ _ _ _ _ _ _ _ _ _ _ _ _ _ _ _ _ _ _ _ _ _ _ _ _ _ _ _ _ _ _ _ _ _ _
.venv\Lib\site-packages\starlette\testclient.py:499: in get
    return super().get(
.venv\Lib\site-packages\httpx\_client.py:1066: in get
    return self.request(
.venv\Lib\site-packages\starlette\testclient.py:465: in request
    return super().request(
.venv\Lib\site-packages\httpx\_client.py:837: in request
    return self.send(request, auth=auth, follow_redirects=follow_redirects)
.venv\Lib\site-packages\httpx\_client.py:926: in send
    response = self._send_handling_auth(
.venv\Lib\site-packages\httpx\_client.py:954: in _send_handling_auth
    response = self._send_handling_redirects(
.venv\Lib\site-packages\httpx\_client.py:991: in _send_handling_redirects
    response = self._send_single_request(request)
.venv\Lib\site-packages\httpx\_client.py:1027: in _send_single_request
    response = transport.handle_request(request)
.venv\Lib\site-packages\starlette\testclient.py:342: in handle_request
    raise exc
.venv\Lib\site-packages\starlette\testclient.py:339: in handle_request
    portal.call(self.app, scope, receive, send)
.venv\Lib\site-packages\anyio\from_thread.py:277: in call
    return cast(T_Retval, self.start_task_soon(func, *args).result())
C:\Users\task2\AppData\Local\Programs\Python\Python311\Lib\concurrent\futures\_base.py:456: in result
    return self.__get_result()
C:\Users\task2\AppData\Local\Programs\Python\Python311\Lib\concurrent\futures\_base.py:401: in __get_result
    raise self._exception
.venv\Lib\site-packages\anyio\from_thread.py:217: in _call_func
    retval = await retval
.venv\Lib\site-packages\fastapi\applications.py:1106: in __call__
    await super().__call__(scope, receive, send)
.venv\Lib\site-packages\starlette\applications.py:122: in __call__
    await self.middleware_stack(scope, receive, send)
.venv\Lib\site-packages\starlette\middleware\errors.py:184: in __call__
    raise exc
.venv\Lib\site-packages\starlette\middleware\errors.py:162: in __call__
    await self.app(scope, receive, _send)
.venv\Lib\site-packages\starlette\middleware\cors.py:83: in __call__
    await self.app(scope, receive, send)
.venv\Lib\site-packages\prometheus_fastapi_instrumentator\middleware.py:169: in __call__
    raise exc
.venv\Lib\site-packages\prometheus_fastapi_instrumentator\middleware.py:167: in __call__
    await self.app(scope, receive, send_wrapper)
.venv\Lib\site-packages\starlette\middleware\exceptions.py:79: in __call__
    raise exc
.venv\Lib\site-packages\starlette\middleware\exceptions.py:68: in __call__
    await self.app(scope, receive, sender)
.venv\Lib\site-packages\fastapi\middleware\asyncexitstack.py:20: in __call__
    raise e
.venv\Lib\site-packages\fastapi\middleware\asyncexitstack.py:17: in __call__
    await self.app(scope, receive, send)
.venv\Lib\site-packages\starlette\routing.py:718: in __call__
    await route.handle(scope, receive, send)
.venv\Lib\site-packages\starlette\routing.py:276: in handle
    await self.app(scope, receive, send)
.venv\Lib\site-packages\starlette\routing.py:66: in app
    response = await func(request)
.venv\Lib\site-packages\fastapi\routing.py:274: in app
    raw_response = await run_endpoint_function(
.venv\Lib\site-packages\fastapi\routing.py:191: in run_endpoint_function
    return await dependant.call(**values)
_ _ _ _ _ _ _ _ _ _ _ _ _ _ _ _ _ _ _ _ _ _ _ _ _ _ _ _ _ _ _ _ _ _ _ _ _ _ _ _

user_id = 301
service = <app.services.notification_service.NotificationService object at 0x000001EA3380C8D0>
user_service = <app.services.user_service.UserService object at 0x000001EA3380F2D0>

    @router.get(
        "/notification/pending/{user_id}", # Path maintained from original
        response_model=PendingNotificationResponse,
        tags=["notification"]
    )
    async def get_pending_notification(
        user_id: int = Path(..., title="The ID of the user to check for pending notifications", ge=1),
        service: NotificationService = Depends(get_notification_service),
        user_service: UserService = Depends(get_user_service)
    ):
        """
        Retrieves the oldest pending notification for a user, marks it as sent,
        and returns its details. If no pending notifications, returns empty object or specific fields as None.
        """
        try:
            user_service.get_user_or_error(user_id)
        except ValueError as e:
            raise HTTPException(status_code=404, detail=str(e))
    
        notification = service.get_oldest_pending_notification(user_id=user_id)
    
        if not notification:
            # Return a response indicating no pending notification found
            # Based on the Pydantic model, all fields are Optional, so an empty call works
            return PendingNotificationResponse()
    
        # If service might raise an error that should be propagated as HTTP error:
        # try:
        #     notification = service.get_oldest_pending_notification(user_id=user_id)
        # except SomeServiceSpecificException as e:
        #     raise HTTPException(status_code=400, detail=str(e))
    
        # The service now handles committing and refreshing.
        # The router just needs to return the data.
>       return PendingNotificationResponse.model_validate(notification) # Pydantic V2
E       pydantic_core._pydantic_core.ValidationError: 1 validation error for PendingNotificationResponse
E       message
E         Input should be a valid string [type=string_type, input_value=<MagicMock name='mock.que...age' id='2105381302352'>, input_type=MagicMock]
E           For further information visit https://errors.pydantic.dev/2.5/v/string_type

cc-webapp\backend\app\routers\notification.py:67: ValidationError
-------------------------- Captured stdout teardown ---------------------------
FastAPI shutdown event: Shutting down scheduler...
_________________ test_get_pending_notifications_none_pending _________________

client = <starlette.testclient.TestClient object at 0x000001EA32741190>
db_session = <sqlalchemy.orm.session.Session object at 0x000001EA32A39490>

    def test_get_pending_notifications_none_pending(client, db_session: Session):
        user, _ = seed_notifications_data(db_session, user_id=USER_ID_FOR_NOTIFICATION_TESTS, num_pending=0, num_sent=2, email_suffix="_none_pending")
    
>       response = client.get(f"/api/notification/pending/{user.id}")

cc-webapp\backend\tests\test_notification.py:142: 
_ _ _ _ _ _ _ _ _ _ _ _ _ _ _ _ _ _ _ _ _ _ _ _ _ _ _ _ _ _ _ _ _ _ _ _ _ _ _ _
.venv\Lib\site-packages\starlette\testclient.py:499: in get
    return super().get(
.venv\Lib\site-packages\httpx\_client.py:1066: in get
    return self.request(
.venv\Lib\site-packages\starlette\testclient.py:465: in request
    return super().request(
.venv\Lib\site-packages\httpx\_client.py:837: in request
    return self.send(request, auth=auth, follow_redirects=follow_redirects)
.venv\Lib\site-packages\httpx\_client.py:926: in send
    response = self._send_handling_auth(
.venv\Lib\site-packages\httpx\_client.py:954: in _send_handling_auth
    response = self._send_handling_redirects(
.venv\Lib\site-packages\httpx\_client.py:991: in _send_handling_redirects
    response = self._send_single_request(request)
.venv\Lib\site-packages\httpx\_client.py:1027: in _send_single_request
    response = transport.handle_request(request)
.venv\Lib\site-packages\starlette\testclient.py:342: in handle_request
    raise exc
.venv\Lib\site-packages\starlette\testclient.py:339: in handle_request
    portal.call(self.app, scope, receive, send)
.venv\Lib\site-packages\anyio\from_thread.py:277: in call
    return cast(T_Retval, self.start_task_soon(func, *args).result())
C:\Users\task2\AppData\Local\Programs\Python\Python311\Lib\concurrent\futures\_base.py:456: in result
    return self.__get_result()
C:\Users\task2\AppData\Local\Programs\Python\Python311\Lib\concurrent\futures\_base.py:401: in __get_result
    raise self._exception
.venv\Lib\site-packages\anyio\from_thread.py:217: in _call_func
    retval = await retval
.venv\Lib\site-packages\fastapi\applications.py:1106: in __call__
    await super().__call__(scope, receive, send)
.venv\Lib\site-packages\starlette\applications.py:122: in __call__
    await self.middleware_stack(scope, receive, send)
.venv\Lib\site-packages\starlette\middleware\errors.py:184: in __call__
    raise exc
.venv\Lib\site-packages\starlette\middleware\errors.py:162: in __call__
    await self.app(scope, receive, _send)
.venv\Lib\site-packages\starlette\middleware\cors.py:83: in __call__
    await self.app(scope, receive, send)
.venv\Lib\site-packages\prometheus_fastapi_instrumentator\middleware.py:169: in __call__
    raise exc
.venv\Lib\site-packages\prometheus_fastapi_instrumentator\middleware.py:167: in __call__
    await self.app(scope, receive, send_wrapper)
.venv\Lib\site-packages\starlette\middleware\exceptions.py:79: in __call__
    raise exc
.venv\Lib\site-packages\starlette\middleware\exceptions.py:68: in __call__
    await self.app(scope, receive, sender)
.venv\Lib\site-packages\fastapi\middleware\asyncexitstack.py:20: in __call__
    raise e
.venv\Lib\site-packages\fastapi\middleware\asyncexitstack.py:17: in __call__
    await self.app(scope, receive, send)
.venv\Lib\site-packages\starlette\routing.py:718: in __call__
    await route.handle(scope, receive, send)
.venv\Lib\site-packages\starlette\routing.py:276: in handle
    await self.app(scope, receive, send)
.venv\Lib\site-packages\starlette\routing.py:66: in app
    response = await func(request)
.venv\Lib\site-packages\fastapi\routing.py:274: in app
    raw_response = await run_endpoint_function(
.venv\Lib\site-packages\fastapi\routing.py:191: in run_endpoint_function
    return await dependant.call(**values)
_ _ _ _ _ _ _ _ _ _ _ _ _ _ _ _ _ _ _ _ _ _ _ _ _ _ _ _ _ _ _ _ _ _ _ _ _ _ _ _

user_id = 301
service = <app.services.notification_service.NotificationService object at 0x000001EA32E11C90>
user_service = <app.services.user_service.UserService object at 0x000001EA32E10850>

    @router.get(
        "/notification/pending/{user_id}", # Path maintained from original
        response_model=PendingNotificationResponse,
        tags=["notification"]
    )
    async def get_pending_notification(
        user_id: int = Path(..., title="The ID of the user to check for pending notifications", ge=1),
        service: NotificationService = Depends(get_notification_service),
        user_service: UserService = Depends(get_user_service)
    ):
        """
        Retrieves the oldest pending notification for a user, marks it as sent,
        and returns its details. If no pending notifications, returns empty object or specific fields as None.
        """
        try:
            user_service.get_user_or_error(user_id)
        except ValueError as e:
            raise HTTPException(status_code=404, detail=str(e))
    
        notification = service.get_oldest_pending_notification(user_id=user_id)
    
        if not notification:
            # Return a response indicating no pending notification found
            # Based on the Pydantic model, all fields are Optional, so an empty call works
            return PendingNotificationResponse()
    
        # If service might raise an error that should be propagated as HTTP error:
        # try:
        #     notification = service.get_oldest_pending_notification(user_id=user_id)
        # except SomeServiceSpecificException as e:
        #     raise HTTPException(status_code=400, detail=str(e))
    
        # The service now handles committing and refreshing.
        # The router just needs to return the data.
>       return PendingNotificationResponse.model_validate(notification) # Pydantic V2
E       pydantic_core._pydantic_core.ValidationError: 1 validation error for PendingNotificationResponse
E       message
E         Input should be a valid string [type=string_type, input_value=<MagicMock name='mock.que...age' id='2105381302352'>, input_type=MagicMock]
E           For further information visit https://errors.pydantic.dev/2.5/v/string_type

cc-webapp\backend\app\routers\notification.py:67: ValidationError
-------------------------- Captured stdout teardown ---------------------------
FastAPI shutdown event: Shutting down scheduler...
________________ test_get_pending_notifications_user_not_found ________________

client = <starlette.testclient.TestClient object at 0x000001EA320969D0>
db_session = <sqlalchemy.orm.session.Session object at 0x000001EA32095BD0>

    def test_get_pending_notifications_user_not_found(client, db_session: Session):
>       response = client.get("/api/notification/pending/99999")

cc-webapp\backend\tests\test_notification.py:147: 
_ _ _ _ _ _ _ _ _ _ _ _ _ _ _ _ _ _ _ _ _ _ _ _ _ _ _ _ _ _ _ _ _ _ _ _ _ _ _ _
.venv\Lib\site-packages\starlette\testclient.py:499: in get
    return super().get(
.venv\Lib\site-packages\httpx\_client.py:1066: in get
    return self.request(
.venv\Lib\site-packages\starlette\testclient.py:465: in request
    return super().request(
.venv\Lib\site-packages\httpx\_client.py:837: in request
    return self.send(request, auth=auth, follow_redirects=follow_redirects)
.venv\Lib\site-packages\httpx\_client.py:926: in send
    response = self._send_handling_auth(
.venv\Lib\site-packages\httpx\_client.py:954: in _send_handling_auth
    response = self._send_handling_redirects(
.venv\Lib\site-packages\httpx\_client.py:991: in _send_handling_redirects
    response = self._send_single_request(request)
.venv\Lib\site-packages\httpx\_client.py:1027: in _send_single_request
    response = transport.handle_request(request)
.venv\Lib\site-packages\starlette\testclient.py:342: in handle_request
    raise exc
.venv\Lib\site-packages\starlette\testclient.py:339: in handle_request
    portal.call(self.app, scope, receive, send)
.venv\Lib\site-packages\anyio\from_thread.py:277: in call
    return cast(T_Retval, self.start_task_soon(func, *args).result())
C:\Users\task2\AppData\Local\Programs\Python\Python311\Lib\concurrent\futures\_base.py:456: in result
    return self.__get_result()
C:\Users\task2\AppData\Local\Programs\Python\Python311\Lib\concurrent\futures\_base.py:401: in __get_result
    raise self._exception
.venv\Lib\site-packages\anyio\from_thread.py:217: in _call_func
    retval = await retval
.venv\Lib\site-packages\fastapi\applications.py:1106: in __call__
    await super().__call__(scope, receive, send)
.venv\Lib\site-packages\starlette\applications.py:122: in __call__
    await self.middleware_stack(scope, receive, send)
.venv\Lib\site-packages\starlette\middleware\errors.py:184: in __call__
    raise exc
.venv\Lib\site-packages\starlette\middleware\errors.py:162: in __call__
    await self.app(scope, receive, _send)
.venv\Lib\site-packages\starlette\middleware\cors.py:83: in __call__
    await self.app(scope, receive, send)
.venv\Lib\site-packages\prometheus_fastapi_instrumentator\middleware.py:169: in __call__
    raise exc
.venv\Lib\site-packages\prometheus_fastapi_instrumentator\middleware.py:167: in __call__
    await self.app(scope, receive, send_wrapper)
.venv\Lib\site-packages\starlette\middleware\exceptions.py:79: in __call__
    raise exc
.venv\Lib\site-packages\starlette\middleware\exceptions.py:68: in __call__
    await self.app(scope, receive, sender)
.venv\Lib\site-packages\fastapi\middleware\asyncexitstack.py:20: in __call__
    raise e
.venv\Lib\site-packages\fastapi\middleware\asyncexitstack.py:17: in __call__
    await self.app(scope, receive, send)
.venv\Lib\site-packages\starlette\routing.py:718: in __call__
    await route.handle(scope, receive, send)
.venv\Lib\site-packages\starlette\routing.py:276: in handle
    await self.app(scope, receive, send)
.venv\Lib\site-packages\starlette\routing.py:66: in app
    response = await func(request)
.venv\Lib\site-packages\fastapi\routing.py:274: in app
    raw_response = await run_endpoint_function(
.venv\Lib\site-packages\fastapi\routing.py:191: in run_endpoint_function
    return await dependant.call(**values)
_ _ _ _ _ _ _ _ _ _ _ _ _ _ _ _ _ _ _ _ _ _ _ _ _ _ _ _ _ _ _ _ _ _ _ _ _ _ _ _

user_id = 99999
service = <app.services.notification_service.NotificationService object at 0x000001EA320943D0>
user_service = <app.services.user_service.UserService object at 0x000001EA32E5FE10>

    @router.get(
        "/notification/pending/{user_id}", # Path maintained from original
        response_model=PendingNotificationResponse,
        tags=["notification"]
    )
    async def get_pending_notification(
        user_id: int = Path(..., title="The ID of the user to check for pending notifications", ge=1),
        service: NotificationService = Depends(get_notification_service),
        user_service: UserService = Depends(get_user_service)
    ):
        """
        Retrieves the oldest pending notification for a user, marks it as sent,
        and returns its details. If no pending notifications, returns empty object or specific fields as None.
        """
        try:
            user_service.get_user_or_error(user_id)
        except ValueError as e:
            raise HTTPException(status_code=404, detail=str(e))
    
        notification = service.get_oldest_pending_notification(user_id=user_id)
    
        if not notification:
            # Return a response indicating no pending notification found
            # Based on the Pydantic model, all fields are Optional, so an empty call works
            return PendingNotificationResponse()
    
        # If service might raise an error that should be propagated as HTTP error:
        # try:
        #     notification = service.get_oldest_pending_notification(user_id=user_id)
        # except SomeServiceSpecificException as e:
        #     raise HTTPException(status_code=400, detail=str(e))
    
        # The service now handles committing and refreshing.
        # The router just needs to return the data.
>       return PendingNotificationResponse.model_validate(notification) # Pydantic V2
E       pydantic_core._pydantic_core.ValidationError: 1 validation error for PendingNotificationResponse
E       message
E         Input should be a valid string [type=string_type, input_value=<MagicMock name='mock.que...age' id='2105381302352'>, input_type=MagicMock]
E           For further information visit https://errors.pydantic.dev/2.5/v/string_type

cc-webapp\backend\app\routers\notification.py:67: ValidationError
-------------------------- Captured stdout teardown ---------------------------
FastAPI shutdown event: Shutting down scheduler...
_______________ test_notification_not_re_sent_after_processing ________________

client = <starlette.testclient.TestClient object at 0x000001EA3208E210>
db_session = <sqlalchemy.orm.session.Session object at 0x000001EA3208FBD0>

    def test_notification_not_re_sent_after_processing(client, db_session: Session):
        user, all_notifs = seed_notifications_data(db_session, user_id=USER_ID_FOR_NOTIFICATION_TESTS, num_pending=1, num_sent=0, email_suffix="_idempotency")
        first_pending_message_text = sorted([n.message for n in all_notifs if not n.is_sent])[0]
    
>       response1 = client.get(f"/api/notification/pending/{user.id}")

cc-webapp\backend\tests\test_notification.py:155: 
_ _ _ _ _ _ _ _ _ _ _ _ _ _ _ _ _ _ _ _ _ _ _ _ _ _ _ _ _ _ _ _ _ _ _ _ _ _ _ _
.venv\Lib\site-packages\starlette\testclient.py:499: in get
    return super().get(
.venv\Lib\site-packages\httpx\_client.py:1066: in get
    return self.request(
.venv\Lib\site-packages\starlette\testclient.py:465: in request
    return super().request(
.venv\Lib\site-packages\httpx\_client.py:837: in request
    return self.send(request, auth=auth, follow_redirects=follow_redirects)
.venv\Lib\site-packages\httpx\_client.py:926: in send
    response = self._send_handling_auth(
.venv\Lib\site-packages\httpx\_client.py:954: in _send_handling_auth
    response = self._send_handling_redirects(
.venv\Lib\site-packages\httpx\_client.py:991: in _send_handling_redirects
    response = self._send_single_request(request)
.venv\Lib\site-packages\httpx\_client.py:1027: in _send_single_request
    response = transport.handle_request(request)
.venv\Lib\site-packages\starlette\testclient.py:342: in handle_request
    raise exc
.venv\Lib\site-packages\starlette\testclient.py:339: in handle_request
    portal.call(self.app, scope, receive, send)
.venv\Lib\site-packages\anyio\from_thread.py:277: in call
    return cast(T_Retval, self.start_task_soon(func, *args).result())
C:\Users\task2\AppData\Local\Programs\Python\Python311\Lib\concurrent\futures\_base.py:456: in result
    return self.__get_result()
C:\Users\task2\AppData\Local\Programs\Python\Python311\Lib\concurrent\futures\_base.py:401: in __get_result
    raise self._exception
.venv\Lib\site-packages\anyio\from_thread.py:217: in _call_func
    retval = await retval
.venv\Lib\site-packages\fastapi\applications.py:1106: in __call__
    await super().__call__(scope, receive, send)
.venv\Lib\site-packages\starlette\applications.py:122: in __call__
    await self.middleware_stack(scope, receive, send)
.venv\Lib\site-packages\starlette\middleware\errors.py:184: in __call__
    raise exc
.venv\Lib\site-packages\starlette\middleware\errors.py:162: in __call__
    await self.app(scope, receive, _send)
.venv\Lib\site-packages\starlette\middleware\cors.py:83: in __call__
    await self.app(scope, receive, send)
.venv\Lib\site-packages\prometheus_fastapi_instrumentator\middleware.py:169: in __call__
    raise exc
.venv\Lib\site-packages\prometheus_fastapi_instrumentator\middleware.py:167: in __call__
    await self.app(scope, receive, send_wrapper)
.venv\Lib\site-packages\starlette\middleware\exceptions.py:79: in __call__
    raise exc
.venv\Lib\site-packages\starlette\middleware\exceptions.py:68: in __call__
    await self.app(scope, receive, sender)
.venv\Lib\site-packages\fastapi\middleware\asyncexitstack.py:20: in __call__
    raise e
.venv\Lib\site-packages\fastapi\middleware\asyncexitstack.py:17: in __call__
    await self.app(scope, receive, send)
.venv\Lib\site-packages\starlette\routing.py:718: in __call__
    await route.handle(scope, receive, send)
.venv\Lib\site-packages\starlette\routing.py:276: in handle
    await self.app(scope, receive, send)
.venv\Lib\site-packages\starlette\routing.py:66: in app
    response = await func(request)
.venv\Lib\site-packages\fastapi\routing.py:274: in app
    raw_response = await run_endpoint_function(
.venv\Lib\site-packages\fastapi\routing.py:191: in run_endpoint_function
    return await dependant.call(**values)
_ _ _ _ _ _ _ _ _ _ _ _ _ _ _ _ _ _ _ _ _ _ _ _ _ _ _ _ _ _ _ _ _ _ _ _ _ _ _ _

user_id = 301
service = <app.services.notification_service.NotificationService object at 0x000001EA32EB8310>
user_service = <app.services.user_service.UserService object at 0x000001EA32EBB450>

    @router.get(
        "/notification/pending/{user_id}", # Path maintained from original
        response_model=PendingNotificationResponse,
        tags=["notification"]
    )
    async def get_pending_notification(
        user_id: int = Path(..., title="The ID of the user to check for pending notifications", ge=1),
        service: NotificationService = Depends(get_notification_service),
        user_service: UserService = Depends(get_user_service)
    ):
        """
        Retrieves the oldest pending notification for a user, marks it as sent,
        and returns its details. If no pending notifications, returns empty object or specific fields as None.
        """
        try:
            user_service.get_user_or_error(user_id)
        except ValueError as e:
            raise HTTPException(status_code=404, detail=str(e))
    
        notification = service.get_oldest_pending_notification(user_id=user_id)
    
        if not notification:
            # Return a response indicating no pending notification found
            # Based on the Pydantic model, all fields are Optional, so an empty call works
            return PendingNotificationResponse()
    
        # If service might raise an error that should be propagated as HTTP error:
        # try:
        #     notification = service.get_oldest_pending_notification(user_id=user_id)
        # except SomeServiceSpecificException as e:
        #     raise HTTPException(status_code=400, detail=str(e))
    
        # The service now handles committing and refreshing.
        # The router just needs to return the data.
>       return PendingNotificationResponse.model_validate(notification) # Pydantic V2
E       pydantic_core._pydantic_core.ValidationError: 1 validation error for PendingNotificationResponse
E       message
E         Input should be a valid string [type=string_type, input_value=<MagicMock name='mock.que...age' id='2105381302352'>, input_type=MagicMock]
E           For further information visit https://errors.pydantic.dev/2.5/v/string_type

cc-webapp\backend\app\routers\notification.py:67: ValidationError
-------------------------- Captured stdout teardown ---------------------------
FastAPI shutdown event: Shutting down scheduler...
============================== warnings summary ===============================
cc-webapp\backend\app\utils\segment_utils.py:15
  C:\Users\task2\OneDrive\문서\GitHub\2025-2\auto202506-a\cc-webapp\backend\app\utils\segment_utils.py:15: MovedIn20Warning: The ``declarative_base()`` function is now available as sqlalchemy.orm.declarative_base(). (deprecated since: 2.0) (Background on SQLAlchemy 2.0 at: https://sqlalche.me/e/b8d9)
    Base = declarative_base()

.venv\Lib\site-packages\pydantic\_internal\_config.py:268
.venv\Lib\site-packages\pydantic\_internal\_config.py:268
  c:\Users\task2\OneDrive\문서\GitHub\2025-2\auto202506-a\.venv\Lib\site-packages\pydantic\_internal\_config.py:268: PydanticDeprecatedSince20: Support for class-based `config` is deprecated, use ConfigDict instead. Deprecated in Pydantic V2.0 to be removed in V3.0. See Pydantic V2 Migration Guide at https://errors.pydantic.dev/2.5/migration/
    warnings.warn(DEPRECATION_MESSAGE, DeprecationWarning)

.venv\Lib\site-packages\httpx\_client.py:690: 1 warning
cc-webapp/backend/tests/test_adult_content_router_final.py: 15 warnings
cc-webapp/backend/tests/test_adult_content_router_fixed.py: 17 warnings
cc-webapp/backend/tests/test_adult_content_router_simple.py: 11 warnings
cc-webapp/backend/tests/test_auth.py: 2 warnings
cc-webapp/backend/tests/test_auth_logging.py: 1 warning
cc-webapp/backend/tests/test_gacha_router.py: 1 warning
cc-webapp/backend/tests/test_games_router.py: 8 warnings
cc-webapp/backend/tests/test_main.py: 6 warnings
cc-webapp/backend/tests/test_notification.py: 5 warnings
cc-webapp/backend/tests/test_user_segments.py: 5 warnings
  c:\Users\task2\OneDrive\문서\GitHub\2025-2\auto202506-a\.venv\Lib\site-packages\httpx\_client.py:690: DeprecationWarning: The 'app' shortcut is now deprecated. Use the explicit style 'transport=WSGITransport(app=...)' instead.
    warnings.warn(message, DeprecationWarning)

cc-webapp/backend/tests/test_adult_content_service.py::TestAdultContentService::test_get_content_access_level_basic
  C:\Users\task2\OneDrive\문서\GitHub\2025-2\auto202506-a\cc-webapp\backend\app\services\adult_content_service.py:478: RuntimeWarning: coroutine 'AsyncMockMixin._execute_mock_call' was never awaited
    if not self._is_user_age_verified(user_id):
  Enable tracemalloc to get traceback where the object was allocated.
  See https://docs.pytest.org/en/stable/how-to/capture-warnings.html#resource-warnings for more info.

cc-webapp/backend/tests/test_adult_content_service.py::TestAdultContentService::test_get_gallery_for_user_stub
  C:\Users\task2\OneDrive\문서\GitHub\2025-2\auto202506-a\cc-webapp\backend\app\services\adult_content_service.py:501: RuntimeWarning: coroutine 'AsyncMockMixin._execute_mock_call' was never awaited
    if not self._is_user_age_verified(user_id):
  Enable tracemalloc to get traceback where the object was allocated.
  See https://docs.pytest.org/en/stable/how-to/capture-warnings.html#resource-warnings for more info.

cc-webapp/backend/tests/test_main.py::test_cors_middleware_configured
  c:\Users\task2\OneDrive\문서\GitHub\2025-2\auto202506-a\.venv\Lib\site-packages\httpx\_client.py:1026: RuntimeWarning: coroutine 'AsyncMockMixin._execute_mock_call' was never awaited
    with request_context(request=request):
  Enable tracemalloc to get traceback where the object was allocated.
  See https://docs.pytest.org/en/stable/how-to/capture-warnings.html#resource-warnings for more info.

cc-webapp/backend/tests/test_main.py::test_app_openapi_schema
  c:\Users\task2\OneDrive\문서\GitHub\2025-2\auto202506-a\.venv\Lib\site-packages\fastapi\openapi\utils.py:207: UserWarning: Duplicate Operation ID analyze_emotion_api_ai_analyze_post for function analyze_emotion at C:\Users\task2\OneDrive\문서\GitHub\2025-2\auto202506-a\cc-webapp\backend\app\routers\analyze.py
    warnings.warn(message, stacklevel=1)

cc-webapp/backend/tests/test_main.py::test_app_openapi_schema
  c:\Users\task2\OneDrive\문서\GitHub\2025-2\auto202506-a\.venv\Lib\site-packages\fastapi\openapi\utils.py:207: UserWarning: Duplicate Operation ID get_personalized_recommendations_api_recommend_personalized_get for function get_personalized_recommendations at C:\Users\task2\OneDrive\문서\GitHub\2025-2\auto202506-a\cc-webapp\backend\app\routers\recommendation.py
    warnings.warn(message, stacklevel=1)

-- Docs: https://docs.pytest.org/en/stable/how-to/capture-warnings.html
=========================== short test summary info ===========================
FAILED cc-webapp/backend/tests/test_adult_content_router_final.py::TestHealthCheck::test_health_check_flexible
FAILED cc-webapp/backend/tests/test_adult_content_router_final.py::TestBasicEndpoints::test_gallery_endpoint_with_error_handling
FAILED cc-webapp/backend/tests/test_adult_content_router_final.py::TestBasicEndpoints::test_gallery_endpoint_flexible
FAILED cc-webapp/backend/tests/test_adult_content_router_final.py::TestVIPEndpoints::test_get_vip_info
FAILED cc-webapp/backend/tests/test_adult_content_router_final.py::TestFlashOffers::test_get_active_flash_offers
FAILED cc-webapp/backend/tests/test_adult_content_router_final.py::TestFlashOffers::test_purchase_flash_offer
FAILED cc-webapp/backend/tests/test_adult_content_router_final.py::TestContentUnlock::test_unlock_content_basic
FAILED cc-webapp/backend/tests/test_adult_content_router_final.py::TestAuthentication::test_auth_required_gallery
FAILED cc-webapp/backend/tests/test_adult_content_router_final.py::TestAuthentication::test_auth_required_vip_flexible
FAILED cc-webapp/backend/tests/test_adult_content_router_final.py::TestErrorHandling::test_service_error_to_400
FAILED cc-webapp/backend/tests/test_adult_content_router_final.py::TestErrorHandling::test_general_exception_to_500
FAILED cc-webapp/backend/tests/test_adult_content_router_final.py::TestWorkingEndpoints::test_flash_offers_workflow
FAILED cc-webapp/backend/tests/test_adult_content_router_final.py::TestWorkingEndpoints::test_unlock_workflow
FAILED cc-webapp/backend/tests/test_adult_content_router_final.py::TestMinimalSet::test_vip_info_works
FAILED cc-webapp/backend/tests/test_adult_content_router_final.py::TestMinimalSet::test_flash_offers_work
FAILED cc-webapp/backend/tests/test_adult_content_router_final.py::TestMinimalSet::test_content_unlock_works
FAILED cc-webapp/backend/tests/test_adult_content_router_fixed.py::TestBasicEndpoints::test_health_check
FAILED cc-webapp/backend/tests/test_adult_content_router_fixed.py::TestBasicEndpoints::test_gallery_endpoint
FAILED cc-webapp/backend/tests/test_adult_content_router_fixed.py::TestBasicEndpoints::test_content_details_endpoint
FAILED cc-webapp/backend/tests/test_adult_content_router_fixed.py::TestContentPreview::test_content_preview_success
FAILED cc-webapp/backend/tests/test_adult_content_router_fixed.py::TestContentPreview::test_gallery_preview_endpoint
FAILED cc-webapp/backend/tests/test_adult_content_router_fixed.py::TestContentUnlock::test_unlock_content_success
FAILED cc-webapp/backend/tests/test_adult_content_router_fixed.py::TestContentUnlock::test_unlock_content_invalid_data
FAILED cc-webapp/backend/tests/test_adult_content_router_fixed.py::TestUnlockHistory::test_get_unlock_history_success
FAILED cc-webapp/backend/tests/test_adult_content_router_fixed.py::TestUnlockHistory::test_get_unlock_history_empty
FAILED cc-webapp/backend/tests/test_adult_content_router_fixed.py::TestVIPEndpoints::test_get_vip_info_success
FAILED cc-webapp/backend/tests/test_adult_content_router_fixed.py::TestFlashOffers::test_get_active_flash_offers
FAILED cc-webapp/backend/tests/test_adult_content_router_fixed.py::TestFlashOffers::test_purchase_flash_offer
FAILED cc-webapp/backend/tests/test_adult_content_router_fixed.py::TestErrorHandling::test_service_error_handling
FAILED cc-webapp/backend/tests/test_adult_content_router_fixed.py::TestErrorHandling::test_unauthorized_access
FAILED cc-webapp/backend/tests/test_adult_content_router_fixed.py::TestAuthentication::test_auth_required_endpoints
FAILED cc-webapp/backend/tests/test_adult_content_router_fixed.py::TestAuthentication::test_valid_token_access
FAILED cc-webapp/backend/tests/test_adult_content_router_fixed.py::TestMyUnlocksEndpoint::test_my_unlocks_endpoint
FAILED cc-webapp/backend/tests/test_adult_content_router_simple.py::TestHealthCheck::test_health_check_no_auth
FAILED cc-webapp/backend/tests/test_adult_content_router_simple.py::TestBasicEndpoints::test_gallery_endpoint_with_error_handling
FAILED cc-webapp/backend/tests/test_adult_content_router_simple.py::TestBasicEndpoints::test_gallery_endpoint_success
FAILED cc-webapp/backend/tests/test_adult_content_router_simple.py::TestVIPEndpoints::test_get_vip_info
FAILED cc-webapp/backend/tests/test_adult_content_router_simple.py::TestFlashOffers::test_get_active_flash_offers
FAILED cc-webapp/backend/tests/test_adult_content_router_simple.py::TestFlashOffers::test_purchase_flash_offer
FAILED cc-webapp/backend/tests/test_adult_content_router_simple.py::TestContentUnlock::test_unlock_content_basic
FAILED cc-webapp/backend/tests/test_adult_content_router_simple.py::TestAuthentication::test_auth_required_gallery
FAILED cc-webapp/backend/tests/test_adult_content_router_simple.py::TestAuthentication::test_auth_required_vip
FAILED cc-webapp/backend/tests/test_adult_content_router_simple.py::TestErrorHandling::test_service_error_to_400
FAILED cc-webapp/backend/tests/test_adult_content_router_simple.py::TestErrorHandling::test_general_exception_to_500
FAILED cc-webapp/backend/tests/test_adult_content_router_simple.py::TestSimpleWorkflow::test_basic_workflow
FAILED cc-webapp/backend/tests/test_adult_content_service.py::TestAdultContentService::test_get_content_access_level_basic
FAILED cc-webapp/backend/tests/test_auth.py::test_login_failure - sqlalchemy....
FAILED cc-webapp/backend/tests/test_emotion_feedback_service.py::TestEmotionFeedbackService::test_generate_feedback_with_missing_emotion
FAILED cc-webapp/backend/tests/test_gacha_router.py::test_pull_gacha_uses_service
FAILED cc-webapp/backend/tests/test_games_router.py::test_spin_slot_success
FAILED cc-webapp/backend/tests/test_games_router.py::test_spin_slot_error - a...
FAILED cc-webapp/backend/tests/test_games_router.py::test_spin_slot_server_error
FAILED cc-webapp/backend/tests/test_games_router.py::test_spin_roulette_success
FAILED cc-webapp/backend/tests/test_games_router.py::test_spin_roulette_error
FAILED cc-webapp/backend/tests/test_games_router.py::test_pull_gacha_success
FAILED cc-webapp/backend/tests/test_games_router.py::test_pull_gacha_error - ...
FAILED cc-webapp/backend/tests/test_games_router.py::test_pull_gacha_server_error
FAILED cc-webapp/backend/tests/test_main.py::test_dummy_scheduler_when_import_fails
FAILED cc-webapp/backend/tests/test_notification.py::test_get_one_pending_notification
FAILED cc-webapp/backend/tests/test_notification.py::test_get_all_pending_notifications_sequentially
FAILED cc-webapp/backend/tests/test_notification.py::test_get_pending_notifications_none_pending
FAILED cc-webapp/backend/tests/test_notification.py::test_get_pending_notifications_user_not_found
FAILED cc-webapp/backend/tests/test_notification.py::test_notification_not_re_sent_after_processing
=========== 63 failed, 303 passed, 2 skipped, 80 warnings in 3.65s ============
